<html>
<body>
<pre>
<h1>µVision Build Log</h1>
<h2>Tool Versions:</h2>
IDE-Version: ¦ÌVision V5.34.0.0
Copyright (C) 2021 ARM Ltd and ARM Germany GmbH. All rights reserved.
License Information: yk w, wyk, LIC=14HV2-9UAME-LQC0Q-NADNC-3FT8C-M9IJP
 
Tool Versions:
Toolchain:       MDK-ARM Plus  Version: 5.34.0.0
Toolchain Path:  D:\keil_v5\ARM\ARMCC\Bin
C Compiler:      Armcc.exe V5.06 update 7 (build 960)
Assembler:       Armasm.exe V5.06 update 7 (build 960)
Linker/Locator:  ArmLink.exe V5.06 update 7 (build 960)
Library Manager: ArmAr.exe V5.06 update 7 (build 960)
Hex Converter:   FromElf.exe V5.06 update 7 (build 960)
CPU DLL:         SARMCM3.DLL V5.34.0.0
Dialog DLL:      DCM.DLL V1.17.3.0
Target DLL:      Segger\JL2CM3.dll V2.99.38.0
Dialog DLL:      TCM.DLL V1.48.0.0
 
<h2>Project:</h2>
C:\Users\Admin\Desktop\415_66-20230321-240513\415_66-20230321-240513\415_66-20230314-xin\Project\AT_START_F415\Examples\GPIO\LED_Toggle\MDK_v5\LED.uvprojx
Project File Date:  05/14/2024

<h2>Output:</h2>
*** Using Compiler 'V5.06 update 7 (build 960)', folder: 'D:\keil_v5\ARM\ARMCC\Bin'
Build target 'LED'
compiling Frame66.c...
..\4G\4GMain.h(342): warning:  #1295-D: Deprecated declaration _4G_SendFrameDispose - give arg types
  uint8_t  _4G_SendFrameDispose();
..\4G\4GMain.h(398): warning:  #1295-D: Deprecated declaration SIM7600Reset - give arg types
  uint8_t SIM7600Reset();
..\4G\4GMain.h(420): warning:  #1295-D: Deprecated declaration APP_GetSIM7600Status - give arg types
  _4G_STATE APP_GetSIM7600Status();
..\..\..\..\..\..\Libraries\driver\adc.h(7): warning:  #1-D: last line of file ends without a newline
  extern __IO uint16_t ADCConvertedValue[100];
..\4G\Frame66.c(652): warning:  #177-D: variable "crc"  was declared but never referenced
      uint16_t crc,i,devlen;
..\4G\Frame66.c(725): warning:  #177-D: variable "i"  was declared but never referenced
      static uint32_t i = 0;
..\4G\Frame66.c(729): warning:  #550-D: variable "Passward_temp_len"  was set but never used
      int  Passward_temp_len = 0;
..\4G\Frame66.c(1140): warning:  #177-D: variable "errcode"  was declared but never referenced
      uint8_t errcode;
..\4G\Frame66.c(1268): warning:  #177-D: variable "errcode"  was declared but never referenced
      uint8_t errcode;
..\4G\Frame66.c(1480): warning:  #940-D: missing return statement at end of non-void function "UDIDCountDispose" 
  }
..\4G\Frame66.c(1557): warning:  #188-D: enumerated type mixed with another type
                      UDIDCountDispose(_66_RecvTable[i].cmd,count);  //æŽ¥æ”¶æ ‡è¯†ç¬¦èµ‹å€?
..\4G\Frame66.c(1566): warning:  #174-D: expression has no effect
              __NOP;
..\4G\Frame66.c: 12 warnings, 0 errors
linking...
Program Size: Code=84684 RO-data=2688 RW-data=1856 ZI-data=30832  
FromELF: creating hex file...
".\Objects\project.axf" - 0 Error(s), 12 Warning(s).

<h2>Software Packages used:</h2>

Package Vendor: ArteryTek
                
                ArteryTek.AT32F415_DFP.2.0.7
                ArteryTek AT32F415 Series Device Support,Drivers

<h2>Collection of Component include folders:</h2>
  D:\keil_v5\ArteryTek\AT32F415_DFP\2.0.7\Device\Include

<h2>Collection of Component Files used:</h2>
Build Time Elapsed:  00:00:02
</pre>
</body>
</html>
