Component: ARM Compiler 5.06 update 7 (build 960) Tool: armlink [4d3601]

==============================================================================

Section Cross References

    main.o(i.APP_GetPid) refers to main.o(.bss) for Pid
    main.o(i.AppTaskCreate) refers to os_task.o(i.OSTaskCreate) for OSTaskCreate
    main.o(i.AppTaskCreate) refers to main.o(.bss) for AppTaskCardStk
    main.o(i.AppTaskCreate) refers to read_nuid.o(i.AppTaskCard) for AppTaskCard
    main.o(i.AppTaskCreate) refers to chtask.o(i.AppTaskCharge) for AppTaskCharge
    main.o(i.AppTaskCreate) refers to dwin_com_pro.o(i.AppTaskDwin) for AppTaskDwin
    main.o(i.AppTaskCreate) refers to 4gmain.o(i.AppTask4GMain) for AppTask4GMain
    main.o(i.AppTaskCreate) refers to 4grecv.o(i.AppTask4GRecv) for AppTask4GRecv
    main.o(i.AppTaskCreate) refers to 4gsend.o(i.AppTask4GSend) for AppTask4GSend
    main.o(i.AppTaskStart) refers to bsp.o(i.BSP_Init) for BSP_Init
    main.o(i.AppTaskStart) refers to at32_board.o(i.UART_Print_Init) for UART_Print_Init
    main.o(i.AppTaskStart) refers to cpu_core.o(i.CPU_Init) for CPU_Init
    main.o(i.AppTaskStart) refers to bsp.o(i.BSP_CPU_ClkFreq) for BSP_CPU_ClkFreq
    main.o(i.AppTaskStart) refers to os_cpu_c.o(i.OS_CPU_SysTickInit) for OS_CPU_SysTickInit
    main.o(i.AppTaskStart) refers to os_stat.o(i.OSStatTaskCPUUsageInit) for OSStatTaskCPUUsageInit
    main.o(i.AppTaskStart) refers to spi_flash.o(i.Spi_Flash_Io_Init) for Spi_Flash_Io_Init
    main.o(i.AppTaskStart) refers to spi_flash.o(i.FLASH_Init) for FLASH_Init
    main.o(i.AppTaskStart) refers to ertc.o(i.ertc) for ertc
    main.o(i.AppTaskStart) refers to printf8.o(i.__0printf$8) for __2printf
    main.o(i.AppTaskStart) refers to delay.o(i.delay_init) for delay_init
    main.o(i.AppTaskStart) refers to device.o(i.Mcu_Io_Init) for Mcu_Io_Init
    main.o(i.AppTaskStart) refers to delay.o(i.delay_m) for delay_m
    main.o(i.AppTaskStart) refers to hlw8112-spi.o(i.Init_HLW8112) for Init_HLW8112
    main.o(i.AppTaskStart) refers to main.o(i.AppTaskCreate) for AppTaskCreate
    main.o(i.AppTaskStart) refers to main.o(i.IWDG_Config) for IWDG_Config
    main.o(i.AppTaskStart) refers to at32f4xx_iwdg.o(i.IWDG_ReloadCounter) for IWDG_ReloadCounter
    main.o(i.AppTaskStart) refers to os_time.o(i.OSTimeDly) for OSTimeDly
    main.o(i.AppTaskStart) refers to ertc.o(i.ERTC_TimeShow) for ERTC_TimeShow
    main.o(i.AppTaskStart) refers to os_cfg_app.o(.constdata) for OSCfg_TickRate_Hz
    main.o(i.AppTaskStart) refers to main.o(.data) for Unique_ID1
    main.o(i.AppTaskStart) refers to main.o(.bss) for Pid
    main.o(i.AppTaskStart) refers to read_nuid.o(.bss) for m1_card_info
    main.o(i.AppTaskStart) refers to ertc.o(.data) for ERTC_DateStructure
    main.o(i.IWDG_Config) refers to at32f4xx_iwdg.o(i.IWDG_KeyRegWrite) for IWDG_KeyRegWrite
    main.o(i.IWDG_Config) refers to at32f4xx_iwdg.o(i.IWDG_SetPrescaler) for IWDG_SetPrescaler
    main.o(i.IWDG_Config) refers to at32f4xx_iwdg.o(i.IWDG_SetReload) for IWDG_SetReload
    main.o(i.IWDG_Config) refers to at32f4xx_iwdg.o(i.IWDG_ReloadCounter) for IWDG_ReloadCounter
    main.o(i.IWDG_Config) refers to at32f4xx_iwdg.o(i.IWDG_Enable) for IWDG_Enable
    main.o(i.IWDG_Feed) refers to at32f4xx_iwdg.o(i.IWDG_ReloadCounter) for IWDG_ReloadCounter
    main.o(i.JumpToProgramCode) refers to main.o(.data) for JumpAddress
    main.o(i.main) refers to os_core.o(i.OSInit) for OSInit
    main.o(i.main) refers to os_task.o(i.OSTaskCreate) for OSTaskCreate
    main.o(i.main) refers to os_core.o(i.OSStart) for OSStart
    main.o(i.main) refers to main.o(.bss) for AppTaskStartStk
    main.o(i.main) refers to main.o(i.AppTaskStart) for AppTaskStart
    system_at32f4xx.o(i.SetSysClock) refers to system_at32f4xx.o(i.SetSysClockTo144M) for SetSysClockTo144M
    system_at32f4xx.o(i.SetSysClockTo144M) refers to at32f4xx_rcc.o(i.RCC_PLLFrefTableConfig) for RCC_PLLFrefTableConfig
    system_at32f4xx.o(i.SetSysClockTo144M) refers to at32f4xx_rcc.o(i.RCC_StepModeCmd) for RCC_StepModeCmd
    system_at32f4xx.o(i.SystemCoreClockUpdate) refers to system_at32f4xx.o(.data) for SystemCoreClock
    system_at32f4xx.o(i.SystemInit) refers to at32f4xx_rcc.o(i.RCC_APB1PeriphClockCmd) for RCC_APB1PeriphClockCmd
    system_at32f4xx.o(i.SystemInit) refers to system_at32f4xx.o(i.SetSysClock) for SetSysClock
    startup_at32f415cbt7.o(RESET) refers to startup_at32f415cbt7.o(STACK) for __initial_sp
    startup_at32f415cbt7.o(RESET) refers to startup_at32f415cbt7.o(.text) for Reset_Handler
    startup_at32f415cbt7.o(RESET) refers to at32f4xx_it.o(i.NMI_Handler) for NMI_Handler
    startup_at32f415cbt7.o(RESET) refers to at32f4xx_it.o(i.HardFault_Handler) for HardFault_Handler
    startup_at32f415cbt7.o(RESET) refers to at32f4xx_it.o(i.MemManage_Handler) for MemManage_Handler
    startup_at32f415cbt7.o(RESET) refers to at32f4xx_it.o(i.BusFault_Handler) for BusFault_Handler
[...]
    Recorddisplay_info                       0x200073fc   Data         120  dwin_com_pro.o(.bss)
    contrast_CardNum                         0x20007474   Data         120  dwin_com_pro.o(.bss)
    RecordInfo                               0x200074ec   Data         120  dwin_com_pro.o(.bss)
    SaveRecordinfo                           0x20007564   Data         120  dwin_com_pro.o(.bss)
    ChargeInfo                               0x200075dc   Data          12  dwin_com_pro.o(.bss)
    DisSysConfigInfo                         0x200075e8   Data          44  dwin_com_pro.o(.bss)
    Billbuf                                  0x20007614   Data         200  dwin_com_pro.o(.bss)
    stChRate                                 0x200076dc   Data         273  dwin_com_pro.o(.bss)
    stChRateA                                0x200077ed   Data         273  dwin_com_pro.o(.bss)
    stChRateB                                0x200078fe   Data         273  dwin_com_pro.o(.bss)
    DwinMq                                   0x20007a10   Data          48  dwin_com_pro.o(.bss)
    dlt645_info                              0x20007ba0   Data          16  dlt645_port.o(.bss)
    __initial_sp                             0x20007fb0   Data           0  startup_at32f415cbt7.o(STACK)



==============================================================================

Memory Map of the image

  Image Entry point : 0x08000171

  Load Region LR_IROM1 (Base: 0x08000000, Size: 0x00015c8c, Max: 0x00020000, ABSOLUTE, COMPRESSED[0x000157c4])

    Execution Region ER_IROM1 (Exec base: 0x08000000, Load base: 0x08000000, Size: 0x0001554c, Max: 0x00020000, ABSOLUTE)

    Exec Addr    Load Addr    Size         Type   Attr      Idx    E Section Name        Object

    0x08000000   0x08000000   0x00000170   Data   RO          411    RESET               startup_at32f415cbt7.o
    0x08000170   0x08000170   0x00000000   Code   RO         9629  * .ARM.Collect$$$$00000000  mc_w.l(entry.o)
    0x08000170   0x08000170   0x00000004   Code   RO         9939    .ARM.Collect$$$$00000001  mc_w.l(entry2.o)
    0x08000174   0x08000174   0x00000004   Code   RO         9942    .ARM.Collect$$$$00000004  mc_w.l(entry5.o)
    0x08000178   0x08000178   0x00000000   Code   RO         9944    .ARM.Collect$$$$00000008  mc_w.l(entry7b.o)
    0x08000178   0x08000178   0x00000000   Code   RO         9946    .ARM.Collect$$$$0000000A  mc_w.l(entry8b.o)
    0x08000178   0x08000178   0x00000008   Code   RO         9947    .ARM.Collect$$$$0000000B  mc_w.l(entry9a.o)
    0x08000180   0x08000180   0x00000004   Code   RO         9954    .ARM.Collect$$$$0000000E  mc_w.l(entry12b.o)
    0x08000184   0x08000184   0x00000000   Code   RO         9949    .ARM.Collect$$$$0000000F  mc_w.l(entry10a.o)
    0x08000184   0x08000184   0x00000000   Code   RO         9951    .ARM.Collect$$$$00000011  mc_w.l(entry11a.o)
    0x08000184   0x08000184   0x00000004   Code   RO         9940    .ARM.Collect$$$$00002712  mc_w.l(entry2.o)
    0x08000188   0x08000188   0x00000024   Code   RO          412    .text               startup_at32f415cbt7.o
    0x080001ac   0x080001ac   0x00000034   Code   RO         4701    .text               cpu_a.o
    0x080001e0   0x080001e0   0x00000062   Code   RO         9632    .text               mc_w.l(uldiv.o)
    0x08000242   0x08000242   0x00000024   Code   RO         9634    .text               mc_w.l(memcpya.o)
    0x08000266   0x08000266   0x00000024   Code   RO         9636    .text               mc_w.l(memseta.o)
    0x0800028a   0x0800028a   0x00000024   Code   RO         9638    .text               mc_w.l(strstr.o)
    0x080002ae   0x080002ae   0x0000000e   Code   RO         9640    .text               mc_w.l(strlen.o)
    0x080002bc   0x080002bc   0x0000001e   Code   RO         9642    .text               mc_w.l(strncmp.o)
    0x080002da   0x080002da   0x00000002   PAD
    0x080002dc   0x080002dc   0x00000044   Code   RO         9644    .text               mc_w.l(strtok.o)
    0x08000320   0x08000320   0x0000001a   Code   RO         9913    .text               mc_w.l(atoi.o)
    0x0800033a   0x0800033a   0x000000b0   Code   RO         9915    .text               mf_w.l(fadd.o)
    0x080003ea   0x080003ea   0x00000064   Code   RO         9917    .text               mf_w.l(fmul.o)
    0x0800044e   0x0800044e   0x0000007c   Code   RO         9919    .text               mf_w.l(fdiv.o)
    0x080004ca   0x080004ca   0x000000e4   Code   RO         9921    .text               mf_w.l(dmul.o)
    0x080005ae   0x080005ae   0x0000000a   Code   RO         9923    .text               mf_w.l(ffltui.o)
    0x080005b8   0x080005b8   0x00000028   Code   RO         9925    .text               mf_w.l(ffixui.o)
    0x080005e0   0x080005e0   0x00000026   Code   RO         9927    .text               mf_w.l(f2d.o)
    0x08000606   0x08000606   0x00000002   PAD
    0x08000608   0x08000608   0x00000030   Code   RO         9929    .text               mf_w.l(cdcmple.o)
    0x08000638   0x08000638   0x00000030   Code   RO         9931    .text               mf_w.l(cdrcmple.o)
    0x08000668   0x08000668   0x00000038   Code   RO         9933    .text               mf_w.l(d2f.o)
    0x080006a0   0x080006a0   0x00000014   Code   RO         9935    .text               mf_w.l(cfcmple.o)
    0x080006b4   0x080006b4   0x00000014   Code   RO         9937    .text               mf_w.l(cfrcmple.o)
    0x080006c8   0x080006c8   0x0000001e   Code   RO         9957    .text               mc_w.l(llshl.o)
    0x080006e6   0x080006e6   0x00000020   Code   RO         9959    .text               mc_w.l(llushr.o)
    0x08000706   0x08000706   0x00000070   Code   RO         9968    .text               mc_w.l(strtol.o)
    0x08000776   0x08000776   0x00000000   Code   RO         9970    .text               mc_w.l(iusefp.o)
    0x08000776   0x08000776   0x0000006e   Code   RO         9971    .text               mf_w.l(fepilogue.o)
    0x080007e4   0x080007e4   0x000000ba   Code   RO         9973    .text               mf_w.l(depilogue.o)
    0x0800089e   0x0800089e   0x00000002   PAD
    0x080008a0   0x080008a0   0x00000024   Code   RO         9981    .text               mc_w.l(init.o)
    0x080008c4   0x080008c4   0x00000008   Code   RO         9985    .text               mc_w.l(ctype_o.o)
    0x080008cc   0x080008cc   0x0000009e   Code   RO        10013    .text               mc_w.l(_strtoul.o)
    0x0800096a   0x0800096a   0x0000001c   Code   RO        10015    .text               mc_w.l(_chval.o)
    0x08000986   0x08000986   0x00000056   Code   RO        10025    .text               mc_w.l(__dczerorl2.o)
    0x080009dc   0x080009dc   0x00000098   Code   RO         3146    CODE                os_cpu_a.o
    0x08000a74   0x08000a74   0x00000016   Code   RO         1648    i.ADC_Ctrl          at32f4xx_adc.o
    0x08000a8a   0x08000a8a   0x00000016   Code   RO         1649    i.ADC_DMACtrl       at32f4xx_adc.o
    0x08000aa0   0x08000aa0   0x00000014   Code   RO         1655    i.ADC_GetCalibrationStatus  at32f4xx_adc.o
    0x08000ab4   0x08000ab4   0x00000014   Code   RO         1661    i.ADC_GetResetCalibrationStatus  at32f4xx_adc.o
    0x08000ac8   0x08000ac8   0x00000050   Code   RO         1665    i.ADC_Init          at32f4xx_adc.o
    0x08000b18   0x08000b18   0x000000b8   Code   RO         1669    i.ADC_RegularChannelConfig  at32f4xx_adc.o
    0x08000bd0   0x08000bd0   0x0000000a   Code   RO         1671    i.ADC_RstCalibration  at32f4xx_adc.o
    0x08000bda   0x08000bda   0x00000016   Code   RO         1673    i.ADC_SoftwareStartConvCtrl  at32f4xx_adc.o
    0x08000bf0   0x08000bf0   0x0000000a   Code   RO         1675    i.ADC_StartCalibration  at32f4xx_adc.o
    0x08000bfa   0x08000bfa   0x00000012   Code   RO         1676    i.ADC_StructInit    at32f4xx_adc.o
    0x08000c0c   0x08000c0c   0x00000270   Code   RO         8896    i.APPTransactionrecord  dwin_com_pro.o
    0x08000e7c   0x08000e7c   0x00000034   Code   RO         8897    i.APP_ClearRecodeInfo  dwin_com_pro.o
    0x08000eb0   0x08000eb0   0x000001bc   Code   RO         8898    i.APP_DisplayRecvDataAnalyze  dwin_com_pro.o
    0x0800106c   0x0800106c   0x00000014   Code   RO         7594    i.APP_Get66StartType  frame66.o
    0x08001080   0x08001080   0x00000014   Code   RO         7190    i.APP_GetAppRegisterState  modulea7680c.o
    0x08001094   0x08001094   0x0000000c   Code   RO         6896    i.APP_GetBatchNum   4gmain.o
    0x080010a0   0x080010a0   0x00000020   Code   RO         8899    i.APP_GetBillInfo   dwin_com_pro.o
    0x080010c0   0x080010c0   0x0000000c   Code   RO         7191    i.APP_GetCSQNum     modulea7680c.o
    0x080010cc   0x080010cc   0x00000014   Code   RO         7192    i.APP_GetModuleConnectState  modulea7680c.o
    0x080010e0   0x080010e0   0x0000001c   Code   RO         6899    i.APP_GetResendBillState  4gmain.o
    0x080010fc   0x080010fc   0x0000000c   Code   RO         7193    i.APP_GetSIM7600Mode  modulea7680c.o
    0x08001108   0x08001108   0x0000000c   Code   RO         7194    i.APP_GetSIM7600Status  modulea7680c.o
    0x08001114   0x08001114   0x00000028   Code   RO         7117    i.APP_RecvDataControl  4grecv.o
    0x0800113c   0x0800113c   0x00000108   Code   RO         8904    i.APP_SelectCurChargeRecode  dwin_com_pro.o
    0x08001244   0x08001244   0x000000f4   Code   RO         8905    i.APP_SelectNextNChargeRecode  dwin_com_pro.o
    0x08001338   0x08001338   0x00000134   Code   RO         8906    i.APP_SelectUpNChargeRecode  dwin_com_pro.o
    0x0800146c   0x0800146c   0x00000018   Code   RO         7595    i.APP_Set66StartType  frame66.o
    0x08001484   0x08001484   0x00000018   Code   RO         7195    i.APP_SetAppRegisterState  modulea7680c.o
    0x0800149c   0x0800149c   0x00000044   Code   RO         7196    i.APP_SetNetNotConect  modulea7680c.o
    0x080014e0   0x080014e0   0x00000028   Code   RO         6901    i.APP_SetResendBillState  4gmain.o
    0x08001508   0x08001508   0x00000010   Code   RO         7197    i.APP_SetSIM7600Mode  modulea7680c.o
    0x08001518   0x08001518   0x0000001c   Code   RO         6902    i.APP_SetStartNetState  4gmain.o
    0x08001534   0x08001534   0x00000002   Code   RO         6903    i.APP_SetUpadaState  4gmain.o
    0x08001536   0x08001536   0x00000002   PAD
    0x08001538   0x08001538   0x00000060   Code   RO         8370    i.Ad_entry          dispkey.o
    0x08001598   0x08001598   0x00000034   Code   RO         8908    i.Amount_charging   dwin_com_pro.o
    0x080015cc   0x080015cc   0x00000148   Code   RO         6904    i.AppTask4GMain     4gmain.o
    0x08001714   0x08001714   0x000002c8   Code   RO         7118    i.AppTask4GRecv     4grecv.o
    0x080019dc   0x080019dc   0x00000330   Code   RO         7155    i.AppTask4GSend     4gsend.o
    0x08001d0c   0x08001d0c   0x000001ec   Code   RO         7823    i.AppTaskCard       read_nuid.o
    0x08001ef8   0x08001ef8   0x00000064   Code   RO         6659    i.AppTaskCharge     chtask.o
    0x08001f5c   0x08001f5c   0x000001b4   Code   RO            5    i.AppTaskCreate     main.o
    0x08002110   0x08002110   0x000002e4   Code   RO         8909    i.AppTaskDwin       dwin_com_pro.o
    0x080023f4   0x080023f4   0x00000364   Code   RO            6    i.AppTaskStart      main.o
    0x08002758   0x08002758   0x00000010   Code   RO         4881    i.BSP_CPU_ClkFreq   bsp.o
    0x08002768   0x08002768   0x0000000c   Code   RO         4882    i.BSP_Init          bsp.o
    0x08002774   0x08002774   0x00000004   Code   RO          306    i.BusFault_Handler  at32f4xx_it.o
    0x08002778   0x08002778   0x0000000c   Code   RO         4760    i.CPU_Init          cpu_core.o
    0x08002784   0x08002784   0x00000030   Code   RO         4761    i.CPU_NameClr       cpu_core.o
    0x080027b4   0x080027b4   0x00000008   Code   RO         4763    i.CPU_NameInit      cpu_core.o
    0x080027bc   0x080027bc   0x00000014   Code   RO         4767    i.CPU_TS_Init       cpu_core.o
    0x080027d0   0x080027d0   0x0000000c   Code   RO         4769    i.CPU_TS_TmrFreqSet  cpu_core.o
    0x080027dc   0x080027dc   0x00000034   Code   RO         4884    i.CPU_TS_TmrInit    bsp.o
    0x08002810   0x08002810   0x0000000c   Code   RO         4885    i.CPU_TS_TmrRd      bsp.o
    0x0800281c   0x0800281c   0x00000034   Code   RO         5918    i.Check_WriteReg_Success  hlw8112-spi.o
    0x08002850   0x08002850   0x0000004c   Code   RO         7824    i.Clear_flag        read_nuid.o
    0x0800289c   0x0800289c   0x0000001c   Code   RO         8910    i.Clear_record      dwin_com_pro.o
    0x080028b8   0x080028b8   0x000000e4   Code   RO         6905    i.Connect_4G        4gmain.o
    0x0800299c   0x0800299c   0x00000024   Code   RO         6227    i.DATAHEXtoBCD      ertc.o
    0x080029c0   0x080029c0   0x00000018   Code   RO         1876    i.DMA_ChannelEnable  at32f4xx_dma.o
    0x080029d8   0x080029d8   0x0000001a   Code   RO         1879    i.DMA_DefaultInitParaConfig  at32f4xx_dma.o
    0x080029f2   0x080029f2   0x0000003c   Code   RO         1885    i.DMA_Init          at32f4xx_dma.o
    0x08002a2e   0x08002a2e   0x00000002   PAD
    0x08002a30   0x08002a30   0x0000014c   Code   RO         1886    i.DMA_Reset         at32f4xx_dma.o
    0x08002b7c   0x08002b7c   0x00000018   Code   RO         8371    i.DealWithKey       dispkey.o
    0x08002b94   0x08002b94   0x00000050   Code   RO         8911    i.DealWithVari      dwin_com_pro.o
    0x08002be4   0x08002be4   0x00000002   Code   RO          307    i.DebugMon_Handler  at32f4xx_it.o
    0x08002be6   0x08002be6   0x0000001a   Code   RO         8157    i.DelayMS           spi_flash.o
    0x08002c00   0x08002c00   0x00000088   Code   RO         8912    i.Dis_SYSShowTime   dwin_com_pro.o
    0x08002c88   0x08002c88   0x00000060   Code   RO         8865    i.Dis_ShowCopy      dispshowstatus.o
    0x08002ce8   0x08002ce8   0x00000060   Code   RO         8866    i.Dis_ShowStatus    dispshowstatus.o
    0x08002d48   0x08002d48   0x00000090   Code   RO         8913    i.Dis_ShowTime      dwin_com_pro.o
    0x08002dd8   0x08002dd8   0x00000060   Code   RO         8867    i.Dis_Showstop_reason  dispshowstatus.o
    0x08002e38   0x08002e38   0x00000170   Code   RO         8914    i.DispShow_NetState  dwin_com_pro.o
    0x08002fa8   0x08002fa8   0x0000018c   Code   RO         8915    i.DispShow_Recode   dwin_com_pro.o
    0x08003134   0x08003134   0x00000028   Code   RO         8916    i.Disp_ShowRTC      dwin_com_pro.o
    0x0800315c   0x0800315c   0x0000002c   Code   RO         8917    i.Disp_Showsettime  dwin_com_pro.o
    0x08003188   0x08003188   0x00000048   Code   RO         8624    i.DisplayCommonMenu  dispkeyfunction.o
    0x080031d0   0x080031d0   0x00000050   Code   RO         9227    i.DisplayQRCode     dwinprotocol.o
    0x08003220   0x08003220   0x0000000c   Code   RO         9228    i.Dwin_FrameHead    dwinprotocol.o
    0x0800322c   0x0800322c   0x00000016   Code   RO         1969    i.ERTC_Bcd2ToByte   at32f4xx_ertc.o
    0x08003242   0x08003242   0x0000001c   Code   RO         1971    i.ERTC_ByteToBcd2   at32f4xx_ertc.o
    0x0800325e   0x0800325e   0x00000002   PAD
    0x08003260   0x08003260   0x000000a0   Code   RO         6228    i.ERTC_Config       ertc.o
    0x08003300   0x08003300   0x00000050   Code   RO         1980    i.ERTC_EnterInitMode  at32f4xx_ertc.o
    0x08003350   0x08003350   0x00000014   Code   RO         1981    i.ERTC_ExitInitMode  at32f4xx_ertc.o
    0x08003364   0x08003364   0x00000060   Code   RO         1984    i.ERTC_GetDateValue  at32f4xx_ertc.o
    0x080033c4   0x080033c4   0x00000064   Code   RO         1991    i.ERTC_GetTimeValue  at32f4xx_ertc.o
    0x08003428   0x08003428   0x00000064   Code   RO         1993    i.ERTC_INTConfig    at32f4xx_ertc.o
    0x0800348c   0x0800348c   0x00000064   Code   RO         1994    i.ERTC_Init         at32f4xx_ertc.o
    0x080034f0   0x080034f0   0x00000020   Code   RO         1997    i.ERTC_ReadBackupRegister  at32f4xx_ertc.o
    0x08003510   0x08003510   0x000000c8   Code   RO         2001    i.ERTC_SetDateValue  at32f4xx_ertc.o
    0x080035d8   0x080035d8   0x000000d0   Code   RO         2002    i.ERTC_SetTimeValue  at32f4xx_ertc.o
    0x080036a8   0x080036a8   0x00000048   Code   RO         6229    i.ERTC_TimeRegulate  ertc.o
    0x080036f0   0x080036f0   0x0000001c   Code   RO         6230    i.ERTC_TimeShow     ertc.o
    0x0800370c   0x0800370c   0x00000046   Code   RO         6231    i.ERTC_TimeStampConfig  ertc.o
    0x08003752   0x08003752   0x00000002   PAD
    0x08003754   0x08003754   0x00000060   Code   RO         2018    i.ERTC_WaitForSynchro  at32f4xx_ertc.o
    0x080037b4   0x080037b4   0x0000001c   Code   RO         2021    i.ERTC_WriteBackupRegister  at32f4xx_ertc.o
    0x080037d0   0x080037d0   0x00000094   Code   RO         6311    i.EXTI_Init         at32f4xx_exti.o
    0x08003864   0x08003864   0x00000034   Code   RO         8918    i.Electric_charing  dwin_com_pro.o
    0x08003898   0x08003898   0x00000168   Code   RO         8160    i.FLASH_Init        spi_flash.o
    0x08003a00   0x08003a00   0x0000011c   Code   RO         7596    i.Fream66Send       frame66.o
    0x08003b1c   0x08003b1c   0x00000024   Code   RO         6179    i.GPIO_Configuration  adc.o
    0x08003b40   0x08003b40   0x00000116   Code   RO          424    i.GPIO_Init         at32f4xx_gpio.o
    0x08003c56   0x08003c56   0x00000002   PAD
    0x08003c58   0x08003c58   0x000003f4   Code   RO          426    i.GPIO_PinsRemapConfig  at32f4xx_gpio.o
    0x0800404c   0x0800404c   0x00000012   Code   RO          428    i.GPIO_ReadInputDataBit  at32f4xx_gpio.o
    0x0800405e   0x0800405e   0x00000004   Code   RO          432    i.GPIO_ResetBits    at32f4xx_gpio.o
    0x08004062   0x08004062   0x00000004   Code   RO          433    i.GPIO_SetBits      at32f4xx_gpio.o
    0x08004066   0x08004066   0x00000010   Code   RO          434    i.GPIO_StructInit   at32f4xx_gpio.o
    0x08004076   0x08004076   0x00000002   PAD
    0x08004078   0x08004078   0x0000000c   Code   RO         8625    i.GetCurMenu        dispkeyfunction.o
    0x08004084   0x08004084   0x00000060   Code   RO         6660    i.HLW8112DataDispose  chtask.o
    0x080040e4   0x080040e4   0x00000058   Code   RO         6661    i.HLW8112_Dispose   chtask.o
    0x0800413c   0x0800413c   0x00000034   Code   RO         5919    i.HLW8112_Measure   hlw8112-spi.o
    0x08004170   0x08004170   0x00000048   Code   RO         5920    i.HLW8112_SPI_ReadByte  hlw8112-spi.o
    0x080041b8   0x080041b8   0x0000000c   Code   RO         5921    i.HLW8112_SPI_ReadReg  hlw8112-spi.o
    0x080041c4   0x080041c4   0x00000050   Code   RO         5922    i.HLW8112_SPI_WriteByte  hlw8112-spi.o
    0x08004214   0x08004214   0x00000010   Code   RO         5923    i.HLW8112_SPI_WriteReg  hlw8112-spi.o
    0x08004224   0x08004224   0x00000028   Code   RO         5924    i.HLW8112_WriteREG_DIS  hlw8112-spi.o
    0x0800424c   0x0800424c   0x00000028   Code   RO         5925    i.HLW8112_WriteREG_EN  hlw8112-spi.o
    0x08004274   0x08004274   0x00000002   Code   RO         8626    i.HYDisplayMenu1    dispkeyfunction.o
    0x08004276   0x08004276   0x00000002   Code   RO         8627    i.HYDisplayMenu10   dispkeyfunction.o
    0x08004278   0x08004278   0x00000002   Code   RO         8628    i.HYDisplayMenu11   dispkeyfunction.o
    0x0800427a   0x0800427a   0x00000002   Code   RO         8629    i.HYDisplayMenu12   dispkeyfunction.o
    0x0800427c   0x0800427c   0x00000002   Code   RO         8630    i.HYDisplayMenu13   dispkeyfunction.o
    0x0800427e   0x0800427e   0x00000002   Code   RO         8631    i.HYDisplayMenu14   dispkeyfunction.o
    0x08004280   0x08004280   0x00000002   Code   RO         8632    i.HYDisplayMenu15   dispkeyfunction.o
    0x08004282   0x08004282   0x00000002   Code   RO         8633    i.HYDisplayMenu16   dispkeyfunction.o
    0x08004284   0x08004284   0x00000002   Code   RO         8634    i.HYDisplayMenu17   dispkeyfunction.o
    0x08004286   0x08004286   0x00000002   Code   RO         8635    i.HYDisplayMenu18   dispkeyfunction.o
    0x08004288   0x08004288   0x00000002   Code   RO         8636    i.HYDisplayMenu19   dispkeyfunction.o
    0x0800428a   0x0800428a   0x00000002   Code   RO         8637    i.HYDisplayMenu2    dispkeyfunction.o
    0x0800428c   0x0800428c   0x00000002   Code   RO         8638    i.HYDisplayMenu20   dispkeyfunction.o
    0x0800428e   0x0800428e   0x00000002   Code   RO         8639    i.HYDisplayMenu21   dispkeyfunction.o
    0x08004290   0x08004290   0x00000002   Code   RO         8640    i.HYDisplayMenu22   dispkeyfunction.o
    0x08004292   0x08004292   0x00000002   Code   RO         8641    i.HYDisplayMenu23   dispkeyfunction.o
    0x08004294   0x08004294   0x00000002   Code   RO         8642    i.HYDisplayMenu24   dispkeyfunction.o
    0x08004296   0x08004296   0x00000002   Code   RO         8643    i.HYDisplayMenu25   dispkeyfunction.o
    0x08004298   0x08004298   0x00000002   Code   RO         8644    i.HYDisplayMenu26   dispkeyfunction.o
    0x0800429a   0x0800429a   0x00000002   Code   RO         8645    i.HYDisplayMenu27   dispkeyfunction.o
    0x0800429c   0x0800429c   0x00000002   Code   RO         8646    i.HYDisplayMenu28   dispkeyfunction.o
    0x0800429e   0x0800429e   0x00000002   Code   RO         8647    i.HYDisplayMenu3    dispkeyfunction.o
    0x080042a0   0x080042a0   0x00000002   Code   RO         8648    i.HYDisplayMenu30   dispkeyfunction.o
    0x080042a2   0x080042a2   0x00000002   Code   RO         8649    i.HYDisplayMenu31   dispkeyfunction.o
    0x080042a4   0x080042a4   0x00000002   Code   RO         8650    i.HYDisplayMenu32   dispkeyfunction.o
    0x080042a6   0x080042a6   0x00000002   Code   RO         8651    i.HYDisplayMenu33   dispkeyfunction.o
    0x080042a8   0x080042a8   0x00000002   Code   RO         8652    i.HYDisplayMenu34   dispkeyfunction.o
    0x080042aa   0x080042aa   0x00000002   Code   RO         8653    i.HYDisplayMenu35   dispkeyfunction.o
    0x080042ac   0x080042ac   0x00000002   Code   RO         8654    i.HYDisplayMenu36   dispkeyfunction.o
    0x080042ae   0x080042ae   0x00000002   Code   RO         8655    i.HYDisplayMenu4    dispkeyfunction.o
    0x080042b0   0x080042b0   0x00000002   Code   RO         8656    i.HYDisplayMenu5    dispkeyfunction.o
    0x080042b2   0x080042b2   0x00000002   Code   RO         8657    i.HYDisplayMenu6    dispkeyfunction.o
    0x080042b4   0x080042b4   0x00000002   Code   RO         8658    i.HYDisplayMenu7    dispkeyfunction.o
    0x080042b6   0x080042b6   0x00000002   Code   RO         8659    i.HYDisplayMenu8    dispkeyfunction.o
    0x080042b8   0x080042b8   0x00000002   Code   RO         8660    i.HYDisplayMenu9    dispkeyfunction.o
    0x080042ba   0x080042ba   0x00000002   PAD
    0x080042bc   0x080042bc   0x00000088   Code   RO         8372    i.HYKeyEvent1       dispkey.o
    0x08004344   0x08004344   0x0000002c   Code   RO         8373    i.HYKeyEvent10      dispkey.o
    0x08004370   0x08004370   0x0000002c   Code   RO         8374    i.HYKeyEvent11      dispkey.o
    0x0800439c   0x0800439c   0x0000002c   Code   RO         8375    i.HYKeyEvent12      dispkey.o
    0x080043c8   0x080043c8   0x0000008c   Code   RO         8376    i.HYKeyEvent13      dispkey.o
    0x08004454   0x08004454   0x000000a8   Code   RO         8377    i.HYKeyEvent14      dispkey.o
    0x080044fc   0x080044fc   0x00000020   Code   RO         8378    i.HYKeyEvent15      dispkey.o
    0x0800451c   0x0800451c   0x000000ac   Code   RO         8379    i.HYKeyEvent16      dispkey.o
    0x080045c8   0x080045c8   0x00000074   Code   RO         8380    i.HYKeyEvent17      dispkey.o
    0x0800463c   0x0800463c   0x00000074   Code   RO         8381    i.HYKeyEvent18      dispkey.o
    0x080046b0   0x080046b0   0x00000074   Code   RO         8382    i.HYKeyEvent19      dispkey.o
    0x08004724   0x08004724   0x00000030   Code   RO         8383    i.HYKeyEvent2       dispkey.o
    0x08004754   0x08004754   0x00000074   Code   RO         8384    i.HYKeyEvent20      dispkey.o
    0x080047c8   0x080047c8   0x00000020   Code   RO         8385    i.HYKeyEvent21      dispkey.o
    0x080047e8   0x080047e8   0x00000020   Code   RO         8386    i.HYKeyEvent22      dispkey.o
    0x08004808   0x08004808   0x00000020   Code   RO         8387    i.HYKeyEvent23      dispkey.o
    0x08004828   0x08004828   0x00000020   Code   RO         8388    i.HYKeyEvent24      dispkey.o
    0x08004848   0x08004848   0x00000044   Code   RO         8389    i.HYKeyEvent25      dispkey.o
    0x0800488c   0x0800488c   0x00000018   Code   RO         8390    i.HYKeyEvent26      dispkey.o
    0x080048a4   0x080048a4   0x00000038   Code   RO         8391    i.HYKeyEvent27      dispkey.o
    0x080048dc   0x080048dc   0x0000002c   Code   RO         8392    i.HYKeyEvent28      dispkey.o
    0x08004908   0x08004908   0x00000040   Code   RO         8393    i.HYKeyEvent3       dispkey.o
    0x08004948   0x08004948   0x00000048   Code   RO         8394    i.HYKeyEvent30      dispkey.o
    0x08004990   0x08004990   0x00000038   Code   RO         8395    i.HYKeyEvent31      dispkey.o
    0x080049c8   0x080049c8   0x00000028   Code   RO         8396    i.HYKeyEvent32      dispkey.o
    0x080049f0   0x080049f0   0x00000028   Code   RO         8397    i.HYKeyEvent33      dispkey.o
    0x08004a18   0x08004a18   0x00000028   Code   RO         8398    i.HYKeyEvent34      dispkey.o
    0x08004a40   0x08004a40   0x00000028   Code   RO         8399    i.HYKeyEvent35      dispkey.o
    0x08004a68   0x08004a68   0x00000028   Code   RO         8400    i.HYKeyEvent36      dispkey.o
    0x08004a90   0x08004a90   0x00000002   Code   RO         8401    i.HYKeyEvent4       dispkey.o
    0x08004a92   0x08004a92   0x00000002   PAD
    0x08004a94   0x08004a94   0x00000020   Code   RO         8402    i.HYKeyEvent5       dispkey.o
    0x08004ab4   0x08004ab4   0x00000020   Code   RO         8403    i.HYKeyEvent6       dispkey.o
    0x08004ad4   0x08004ad4   0x0000002c   Code   RO         8404    i.HYKeyEvent7       dispkey.o
    0x08004b00   0x08004b00   0x0000002c   Code   RO         8405    i.HYKeyEvent8       dispkey.o
    0x08004b2c   0x08004b2c   0x0000002c   Code   RO         8406    i.HYKeyEvent9       dispkey.o
    0x08004b58   0x08004b58   0x00000004   Code   RO          308    i.HardFault_Handler  at32f4xx_it.o
    0x08004b5c   0x08004b5c   0x00000024   Code   RO            7    i.IWDG_Config       main.o
    0x08004b80   0x08004b80   0x00000010   Code   RO         2968    i.IWDG_Enable       at32f4xx_iwdg.o
    0x08004b90   0x08004b90   0x0000000c   Code   RO         2970    i.IWDG_KeyRegWrite  at32f4xx_iwdg.o
    0x08004b9c   0x08004b9c   0x00000010   Code   RO         2971    i.IWDG_ReloadCounter  at32f4xx_iwdg.o
    0x08004bac   0x08004bac   0x0000000c   Code   RO         2972    i.IWDG_SetPrescaler  at32f4xx_iwdg.o
    0x08004bb8   0x08004bb8   0x0000000c   Code   RO         2973    i.IWDG_SetReload    at32f4xx_iwdg.o
    0x08004bc4   0x08004bc4   0x000001f4   Code   RO         5926    i.Init_HLW8112      hlw8112-spi.o
    0x08004db8   0x08004db8   0x000000c0   Code   RO         7597    i.JM_SendFrameDispose  frame66.o
    0x08004e78   0x08004e78   0x000002b8   Code   RO         5927    i.Judge_CheckSum_HLW8112_Calfactor  hlw8112-spi.o
    0x08005130   0x08005130   0x00000030   Code   RO            9    i.JumpToProgramCode  main.o
    0x08005160   0x08005160   0x00000010   Code   RO         9232    i.LCD_SendBufLenClear  dwinprotocol.o
    0x08005170   0x08005170   0x0000002c   Code   RO         9233    i.LCD_SendByteToBuf  dwinprotocol.o
    0x0800519c   0x0800519c   0x00000018   Code   RO         9234    i.LCD_SendFourBytes  dwinprotocol.o
    0x080051b4   0x080051b4   0x0000002c   Code   RO         9235    i.LCD_SendToUart    dwinprotocol.o
    0x080051e0   0x080051e0   0x00000012   Code   RO         9236    i.LCD_SendTwoBytes  dwinprotocol.o
    0x080051f2   0x080051f2   0x00000002   PAD
    0x080051f4   0x080051f4   0x00000198   Code   RO         5881    i.Mcu_Io_Init       device.o
    0x0800538c   0x0800538c   0x00000004   Code   RO          309    i.MemManage_Handler  at32f4xx_it.o
    0x08005390   0x08005390   0x00000012   Code   RO         3375    i.Mem_Clr           lib_mem.o
    0x080053a2   0x080053a2   0x00000054   Code   RO         3391    i.Mem_Set           lib_mem.o
    0x080053f6   0x080053f6   0x00000002   PAD
    0x080053f8   0x080053f8   0x00000114   Code   RO         7198    i.ModuleSIM7600_ConnectServer  modulea7680c.o
    0x0800550c   0x0800550c   0x00000150   Code   RO         7200    i.ModuleSIM7600_SendData  modulea7680c.o
    0x0800565c   0x0800565c   0x000000a4   Code   RO         7201    i.Module_ConnectServer  modulea7680c.o
    0x08005700   0x08005700   0x00000364   Code   RO         7202    i.Module_HTTPDownload  modulea7680c.o
    0x08005a64   0x08005a64   0x000002c4   Code   RO         7203    i.Module_SIM7600Test  modulea7680c.o
    0x08005d28   0x08005d28   0x00000060   Code   RO         8919    i.Munu12_CodeDispose  dwin_com_pro.o
    0x08005d88   0x08005d88   0x00000080   Code   RO         8920    i.Munu13_DevnumDispose  dwin_com_pro.o
    0x08005e08   0x08005e08   0x0000005c   Code   RO         8921    i.Munu13_IP1Sert    dwin_com_pro.o
    0x08005e64   0x08005e64   0x00000060   Code   RO         8922    i.Munu13_IP2Sert    dwin_com_pro.o
    0x08005ec4   0x08005ec4   0x00000060   Code   RO         8923    i.Munu13_IP3Sert    dwin_com_pro.o
    0x08005f24   0x08005f24   0x00000060   Code   RO         8924    i.Munu13_IP4Sert    dwin_com_pro.o
    0x08005f84   0x08005f84   0x00000044   Code   RO         8925    i.Munu13_PortSert   dwin_com_pro.o
    0x08005fc8   0x08005fc8   0x00000218   Code   RO         8926    i.Munu13_ShowSysInfo  dwin_com_pro.o
    0x080061e0   0x080061e0   0x00000828   Code   RO         8927    i.Munu27_ShowSysInfo  dwin_com_pro.o
    0x08006a08   0x08006a08   0x00000002   Code   RO          310    i.NMI_Handler       at32f4xx_it.o
    0x08006a0a   0x08006a0a   0x00000002   PAD
    0x08006a0c   0x08006a0c   0x00000070   Code   RO          982    i.NVIC_Init         misc.o
    0x08006a7c   0x08006a7c   0x00000014   Code   RO          983    i.NVIC_PriorityGroupConfig  misc.o
    0x08006a90   0x08006a90   0x00000002   Code   RO         3644    i.OSCfg_Init        os_cfg_app.o
    0x08006a92   0x08006a92   0x00000002   PAD
    0x08006a94   0x08006a94   0x00000014   Code   RO         3149    i.OSIdleTaskHook    os_cpu_c.o
    0x08006aa8   0x08006aa8   0x00000164   Code   RO         3667    i.OSInit            os_core.o
    0x08006c0c   0x08006c0c   0x00000028   Code   RO         3150    i.OSInitHook        os_cpu_c.o
    0x08006c34   0x08006c34   0x0000002c   Code   RO         3668    i.OSIntEnter        os_core.o
    0x08006c60   0x08006c60   0x000000dc   Code   RO         3669    i.OSIntExit         os_core.o
    0x08006d3c   0x08006d3c   0x00000088   Code   RO         4060    i.OSMutexCreate     os_mutex.o
    0x08006dc4   0x08006dc4   0x00000250   Code   RO         4062    i.OSMutexPend       os_mutex.o
    0x08007014   0x08007014   0x00000174   Code   RO         4064    i.OSMutexPost       os_mutex.o
    0x08007188   0x08007188   0x00000090   Code   RO         4163    i.OSQCreate         os_q.o
    0x08007218   0x08007218   0x000001d0   Code   RO         4166    i.OSQPend           os_q.o
    0x080073e8   0x080073e8   0x00000094   Code   RO         4168    i.OSQPost           os_q.o
    0x0800747c   0x0800747c   0x000000a0   Code   RO         3670    i.OSSched           os_core.o
    0x0800751c   0x0800751c   0x00000074   Code   RO         3671    i.OSSchedLock       os_core.o
    0x08007590   0x08007590   0x00000094   Code   RO         3672    i.OSSchedUnlock     os_core.o
    0x08007624   0x08007624   0x00000068   Code   RO         3673    i.OSStart           os_core.o
    0x0800768c   0x0800768c   0x00000128   Code   RO         4307    i.OSStatReset       os_stat.o
    0x080077b4   0x080077b4   0x000000f0   Code   RO         4308    i.OSStatTaskCPUUsageInit  os_stat.o
    0x080078a4   0x080078a4   0x00000014   Code   RO         3151    i.OSStatTaskHook    os_cpu_c.o
    0x080078b8   0x080078b8   0x0000019c   Code   RO         4338    i.OSTaskCreate      os_task.o
    0x08007a54   0x08007a54   0x00000018   Code   RO         3152    i.OSTaskCreateHook  os_cpu_c.o
    0x08007a6c   0x08007a6c   0x00000128   Code   RO         4339    i.OSTaskDel         os_task.o
    0x08007b94   0x08007b94   0x00000018   Code   RO         3153    i.OSTaskDelHook     os_cpu_c.o
    0x08007bac   0x08007bac   0x00000068   Code   RO         4347    i.OSTaskResume      os_task.o
    0x08007c14   0x08007c14   0x00000018   Code   RO         3154    i.OSTaskReturnHook  os_cpu_c.o
    0x08007c2c   0x08007c2c   0x000001dc   Code   RO         4348    i.OSTaskSemPend     os_task.o
    0x08007e08   0x08007e08   0x0000003e   Code   RO         4350    i.OSTaskSemPost     os_task.o
    0x08007e46   0x08007e46   0x00000002   PAD
    0x08007e48   0x08007e48   0x000000d4   Code   RO         4352    i.OSTaskStkChk      os_task.o
    0x08007f1c   0x08007f1c   0x000000c4   Code   RO         3155    i.OSTaskStkInit     os_cpu_c.o
    0x08007fe0   0x08007fe0   0x00000038   Code   RO         4353    i.OSTaskSuspend     os_task.o
    0x08008018   0x08008018   0x00000088   Code   RO         3156    i.OSTaskSwHook      os_cpu_c.o
    0x080080a0   0x080080a0   0x000000b8   Code   RO         4551    i.OSTimeDly         os_time.o
    0x08008158   0x08008158   0x00000034   Code   RO         4554    i.OSTimeGet         os_time.o
    0x0800818c   0x0800818c   0x00000044   Code   RO         4556    i.OSTimeTick        os_time.o
    0x080081d0   0x080081d0   0x00000018   Code   RO         3157    i.OSTimeTickHook    os_cpu_c.o
    0x080081e8   0x080081e8   0x00000030   Code   RO         3158    i.OS_CPU_SysTickInit  os_cpu_c.o
    0x08008218   0x08008218   0x000001a8   Code   RO         3883    i.OS_Dbg_Init       os_dbg.o
    0x080083c0   0x080083c0   0x00000018   Code   RO         3908    i.OS_FlagInit       os_flag.o
    0x080083d8   0x080083d8   0x00000044   Code   RO         3675    i.OS_IdleTask       os_core.o
    0x0800841c   0x0800841c   0x00000070   Code   RO         3676    i.OS_IdleTaskInit   os_core.o
    0x0800848c   0x0800848c   0x00000018   Code   RO         3992    i.OS_MemInit        os_mem.o
    0x080084a4   0x080084a4   0x0000007c   Code   RO         4024    i.OS_MsgPoolInit    os_msg.o
    0x08008520   0x08008520   0x00000044   Code   RO         4025    i.OS_MsgQFreeAll    os_msg.o
    0x08008564   0x08008564   0x00000068   Code   RO         4026    i.OS_MsgQGet        os_msg.o
    0x080085cc   0x080085cc   0x0000000e   Code   RO         4027    i.OS_MsgQInit       os_msg.o
    0x080085da   0x080085da   0x00000002   PAD
    0x080085dc   0x080085dc   0x00000104   Code   RO         4028    i.OS_MsgQPut        os_msg.o
    0x080086e0   0x080086e0   0x00000030   Code   RO         4066    i.OS_MutexDbgListAdd  os_mutex.o
    0x08008710   0x08008710   0x00000018   Code   RO         4068    i.OS_MutexInit      os_mutex.o
    0x08008728   0x08008728   0x00000068   Code   RO         3677    i.OS_Pend           os_core.o
    0x08008790   0x08008790   0x00000026   Code   RO         3680    i.OS_PendDataInit   os_core.o
    0x080087b6   0x080087b6   0x00000002   PAD
    0x080087b8   0x080087b8   0x0000005c   Code   RO         3681    i.OS_PendDbgNameAdd  os_core.o
    0x08008814   0x08008814   0x00000024   Code   RO         3682    i.OS_PendDbgNameRemove  os_core.o
    0x08008838   0x08008838   0x00000046   Code   RO         3683    i.OS_PendListChangePrio  os_core.o
    0x0800887e   0x0800887e   0x0000000a   Code   RO         3684    i.OS_PendListInit   os_core.o
    0x08008888   0x08008888   0x00000066   Code   RO         3686    i.OS_PendListInsertPrio  os_core.o
    0x080088ee   0x080088ee   0x00000030   Code   RO         3687    i.OS_PendListRemove  os_core.o
    0x0800891e   0x0800891e   0x00000042   Code   RO         3688    i.OS_PendListRemove1  os_core.o
    0x08008960   0x08008960   0x000000d6   Code   RO         3691    i.OS_Post           os_core.o
    0x08008a36   0x08008a36   0x0000002a   Code   RO         3692    i.OS_Post1          os_core.o
    0x08008a60   0x08008a60   0x00000028   Code   RO         4126    i.OS_PrioGetHighest  os_prio.o
    0x08008a88   0x08008a88   0x00000018   Code   RO         4127    i.OS_PrioInit       os_prio.o
    0x08008aa0   0x08008aa0   0x00000024   Code   RO         4128    i.OS_PrioInsert     os_prio.o
    0x08008ac4   0x08008ac4   0x00000024   Code   RO         4129    i.OS_PrioRemove     os_prio.o
    0x08008ae8   0x08008ae8   0x00000030   Code   RO         4170    i.OS_QDbgListAdd    os_q.o
    0x08008b18   0x08008b18   0x00000018   Code   RO         4172    i.OS_QInit          os_q.o
    0x08008b30   0x08008b30   0x000000be   Code   RO         4173    i.OS_QPost          os_q.o
    0x08008bee   0x08008bee   0x00000002   PAD
    0x08008bf0   0x08008bf0   0x00000024   Code   RO         3693    i.OS_RdyListInit    os_core.o
    0x08008c14   0x08008c14   0x0000002c   Code   RO         3694    i.OS_RdyListInsert  os_core.o
    0x08008c40   0x08008c40   0x00000040   Code   RO         3695    i.OS_RdyListInsertHead  os_core.o
    0x08008c80   0x08008c80   0x0000003c   Code   RO         3696    i.OS_RdyListInsertTail  os_core.o
    0x08008cbc   0x08008cbc   0x0000005c   Code   RO         3698    i.OS_RdyListRemove  os_core.o
    0x08008d18   0x08008d18   0x0000001c   Code   RO         3699    i.OS_SchedLockTimeMeasStart  os_core.o
    0x08008d34   0x08008d34   0x0000003c   Code   RO         3700    i.OS_SchedLockTimeMeasStop  os_core.o
    0x08008d70   0x08008d70   0x00000018   Code   RO         4244    i.OS_SemInit        os_sem.o
    0x08008d88   0x08008d88   0x000002e8   Code   RO         4309    i.OS_StatTask       os_stat.o
    0x08009070   0x08009070   0x000000cc   Code   RO         4310    i.OS_StatTaskInit   os_stat.o
    0x0800913c   0x0800913c   0x0000002c   Code   RO         3701    i.OS_TaskBlock      os_core.o
    0x08009168   0x08009168   0x00000030   Code   RO         4354    i.OS_TaskDbgListAdd  os_task.o
    0x08009198   0x08009198   0x00000044   Code   RO         4355    i.OS_TaskDbgListRemove  os_task.o
    0x080091dc   0x080091dc   0x00000020   Code   RO         4356    i.OS_TaskInit       os_task.o
    0x080091fc   0x080091fc   0x000000b4   Code   RO         4357    i.OS_TaskInitTCB    os_task.o
    0x080092b0   0x080092b0   0x00000100   Code   RO         4359    i.OS_TaskResume     os_task.o
    0x080093b0   0x080093b0   0x00000018   Code   RO         4360    i.OS_TaskReturn     os_task.o
    0x080093c8   0x080093c8   0x000001c4   Code   RO         4361    i.OS_TaskSemPost    os_task.o
    0x0800958c   0x0800958c   0x00000118   Code   RO         4362    i.OS_TaskSuspend    os_task.o
    0x080096a4   0x080096a4   0x00000086   Code   RO         4499    i.OS_TickListInsert  os_tick.o
    0x0800972a   0x0800972a   0x00000002   PAD
    0x0800972c   0x0800972c   0x000000bc   Code   RO         4500    i.OS_TickListInsertDly  os_tick.o
    0x080097e8   0x080097e8   0x00000058   Code   RO         4501    i.OS_TickListRemove  os_tick.o
    0x08009840   0x08009840   0x00000002   Code   RO         4502    i.OS_TickListResetPeak  os_tick.o
    0x08009842   0x08009842   0x00000002   PAD
    0x08009844   0x08009844   0x00000098   Code   RO         4503    i.OS_TickListUpdateDly  os_tick.o
    0x080098dc   0x080098dc   0x000000d4   Code   RO         4504    i.OS_TickListUpdateTimeout  os_tick.o
    0x080099b0   0x080099b0   0x00000070   Code   RO         4505    i.OS_TickTask       os_tick.o
    0x08009a20   0x08009a20   0x000000c8   Code   RO         4506    i.OS_TickTaskInit   os_tick.o
    0x08009ae8   0x08009ae8   0x00000134   Code   RO         4602    i.OS_TmrInit        os_tmr.o
    0x08009c1c   0x08009c1c   0x00000018   Code   RO         4603    i.OS_TmrLock        os_tmr.o
    0x08009c34   0x08009c34   0x00000002   Code   RO         4604    i.OS_TmrResetPeak   os_tmr.o
    0x08009c36   0x08009c36   0x00000002   PAD
    0x08009c38   0x08009c38   0x00000094   Code   RO         4605    i.OS_TmrTask        os_tmr.o
    0x08009ccc   0x08009ccc   0x00000044   Code   RO         4606    i.OS_TmrUnlink      os_tmr.o
    0x08009d10   0x08009d10   0x00000014   Code   RO         4607    i.OS_TmrUnlock      os_tmr.o
    0x08009d24   0x08009d24   0x0000000c   Code   RO         2324    i.PWR_BackupAccessCtrl  at32f4xx_pwr.o
    0x08009d30   0x08009d30   0x00000048   Code   RO         8928    i.Period_WriterFmBill  dwin_com_pro.o
    0x08009d78   0x08009d78   0x0000003e   Code   RO         9237    i.PraPerprintBackImage  dwinprotocol.o
    0x08009db6   0x08009db6   0x00000012   Code   RO         6906    i.Pre4GBill         4gmain.o
    0x08009dc8   0x08009dc8   0x0000000c   Code   RO         9238    i.PrintBackImage    dwinprotocol.o
    0x08009dd4   0x08009dd4   0x00000028   Code   RO         9240    i.PrintIcon         dwinprotocol.o
    0x08009dfc   0x08009dfc   0x00000028   Code   RO         9242    i.PrintNum16uVariable  dwinprotocol.o
    0x08009e24   0x08009e24   0x00000028   Code   RO         9243    i.PrintNum32uVariable  dwinprotocol.o
    0x08009e4c   0x08009e4c   0x0000004e   Code   RO         9245    i.PrintStr          dwinprotocol.o
    0x08009e9a   0x08009e9a   0x0000006c   Code   RO         7952    i.RC522_CalulateCRC  rc522.o
    0x08009f06   0x08009f06   0x0000001c   Code   RO         7953    i.RC522_ClearBitMask  rc522.o
    0x08009f22   0x08009f22   0x00000002   PAD
    0x08009f24   0x08009f24   0x000000cc   Code   RO         7954    i.RC522_GPIOInit    rc522.o
    0x08009ff0   0x08009ff0   0x00000034   Code   RO         7955    i.RC522_Init        rc522.o
    0x0800a024   0x0800a024   0x00000066   Code   RO         7956    i.RC522_M500PcdConfigISOType  rc522.o
    0x0800a08a   0x0800a08a   0x0000000c   Code   RO         7957    i.RC522_PcdAntennaOff  rc522.o
    0x0800a096   0x0800a096   0x0000001a   Code   RO         7958    i.RC522_PcdAntennaOn  rc522.o
    0x0800a0b0   0x0800a0b0   0x00000070   Code   RO         7959    i.RC522_PcdAnticoll  rc522.o
    0x0800a120   0x0800a120   0x0000006e   Code   RO         7960    i.RC522_PcdAuthState  rc522.o
    0x0800a18e   0x0800a18e   0x00000002   PAD
    0x0800a190   0x0800a190   0x00000154   Code   RO         7962    i.RC522_PcdComMF522  rc522.o
    0x0800a2e4   0x0800a2e4   0x00000056   Code   RO         7964    i.RC522_PcdRead     rc522.o
    0x0800a33a   0x0800a33a   0x00000058   Code   RO         7965    i.RC522_PcdRequest  rc522.o
    0x0800a392   0x0800a392   0x00000002   PAD
    0x0800a394   0x0800a394   0x00000088   Code   RO         7966    i.RC522_PcdReset    rc522.o
    0x0800a41c   0x0800a41c   0x00000074   Code   RO         7967    i.RC522_PcdSelect   rc522.o
    0x0800a490   0x0800a490   0x00000096   Code   RO         7969    i.RC522_PcdWrite    rc522.o
    0x0800a526   0x0800a526   0x00000002   PAD
    0x0800a528   0x0800a528   0x0000007c   Code   RO         7970    i.RC522_ReadCard    rc522.o
    0x0800a5a4   0x0800a5a4   0x0000003c   Code   RO         7971    i.RC522_ReadRawRC   rc522.o
    0x0800a5e0   0x0800a5e0   0x00000084   Code   RO         7972    i.RC522_ReadWriteByte  rc522.o
    0x0800a664   0x0800a664   0x00000020   Code   RO         7973    i.RC522_Reset       rc522.o
    0x0800a684   0x0800a684   0x0000001c   Code   RO         7974    i.RC522_SetBitMask  rc522.o
    0x0800a6a0   0x0800a6a0   0x00000084   Code   RO         7975    i.RC522_SetValue    rc522.o
    0x0800a724   0x0800a724   0x0000007c   Code   RO         7976    i.RC522_WriteCard   rc522.o
    0x0800a7a0   0x0800a7a0   0x00000034   Code   RO         7977    i.RC522_WriteRawRC  rc522.o
    0x0800a7d4   0x0800a7d4   0x0000001c   Code   RO          549    i.RCC_ADCCLKConfig  at32f4xx_rcc.o
    0x0800a7f0   0x0800a7f0   0x00000020   Code   RO          551    i.RCC_AHBPeriphClockCmd  at32f4xx_rcc.o
    0x0800a810   0x0800a810   0x00000020   Code   RO          553    i.RCC_APB1PeriphClockCmd  at32f4xx_rcc.o
    0x0800a830   0x0800a830   0x00000020   Code   RO          556    i.RCC_APB2PeriphClockCmd  at32f4xx_rcc.o
    0x0800a850   0x0800a850   0x0000000c   Code   RO          558    i.RCC_BackupResetCmd  at32f4xx_rcc.o
    0x0800a85c   0x0800a85c   0x0000001e   Code   RO         6180    i.RCC_Configuration_  adc.o
    0x0800a87a   0x0800a87a   0x00000002   PAD
    0x0800a87c   0x0800a87c   0x0000000c   Code   RO          562    i.RCC_ERTCCLKCmd    at32f4xx_rcc.o
    0x0800a888   0x0800a888   0x00000010   Code   RO          563    i.RCC_ERTCCLKConfig  at32f4xx_rcc.o
    0x0800a898   0x0800a898   0x000002c8   Code   RO          564    i.RCC_GetClocksFreq  at32f4xx_rcc.o
    0x0800ab60   0x0800ab60   0x0000003c   Code   RO          565    i.RCC_GetFlagStatus  at32f4xx_rcc.o
    0x0800ab9c   0x0800ab9c   0x00000034   Code   RO          575    i.RCC_LSEConfig     at32f4xx_rcc.o
    0x0800abd0   0x0800abd0   0x000000c4   Code   RO          579    i.RCC_PLLFrefTableConfig  at32f4xx_rcc.o
    0x0800ac94   0x0800ac94   0x00000024   Code   RO          585    i.RCC_StepModeCmd   at32f4xx_rcc.o
    0x0800acb8   0x0800acb8   0x000000bc   Code   RO         6907    i.ReSendBill        4gmain.o
    0x0800ad74   0x0800ad74   0x00000028   Code   RO         9249    i.ReadDwinVariable  dwinprotocol.o
    0x0800ad9c   0x0800ad9c   0x000000a8   Code   RO         8929    i.ReadFmBill        dwin_com_pro.o
    0x0800ae44   0x0800ae44   0x00000110   Code   RO         5928    i.Read_HLW8112_Angle  hlw8112-spi.o
    0x0800af54   0x0800af54   0x00000108   Code   RO         5929    i.Read_HLW8112_EA   hlw8112-spi.o
    0x0800b05c   0x0800b05c   0x00000104   Code   RO         5930    i.Read_HLW8112_EB   hlw8112-spi.o
    0x0800b160   0x0800b160   0x00000040   Code   RO         5931    i.Read_HLW8112_Linefreq  hlw8112-spi.o
    0x0800b1a0   0x0800b1a0   0x00000090   Code   RO         5932    i.Read_HLW8112_PA   hlw8112-spi.o
    0x0800b230   0x0800b230   0x00000090   Code   RO         5933    i.Read_HLW8112_PA_I  hlw8112-spi.o
    0x0800b2c0   0x0800b2c0   0x00000090   Code   RO         5934    i.Read_HLW8112_PB   hlw8112-spi.o
    0x0800b350   0x0800b350   0x0000008c   Code   RO         5935    i.Read_HLW8112_PB_I  hlw8112-spi.o
    0x0800b3dc   0x0800b3dc   0x00000074   Code   RO         5936    i.Read_HLW8112_PF   hlw8112-spi.o
    0x0800b450   0x0800b450   0x0000003c   Code   RO         5937    i.Read_HLW8112_RegData  hlw8112-spi.o
    0x0800b48c   0x0800b48c   0x00000074   Code   RO         5938    i.Read_HLW8112_State  hlw8112-spi.o
    0x0800b500   0x0800b500   0x00000094   Code   RO         5939    i.Read_HLW8112_U    hlw8112-spi.o
    0x0800b594   0x0800b594   0x00000036   Code   RO         8930    i.Recordqueryinfo_WR  dwin_com_pro.o
    0x0800b5ca   0x0800b5ca   0x00000002   PAD
    0x0800b5cc   0x0800b5cc   0x00000038   Code   RO         7204    i.Recv_AT_CGDCONT_Ack  modulea7680c.o
    0x0800b604   0x0800b604   0x00000064   Code   RO         7205    i.Recv_AT_CIMI_Ack  modulea7680c.o
    0x0800b668   0x0800b668   0x00000038   Code   RO         7206    i.Recv_AT_CIPMODE_Ack  modulea7680c.o
    0x0800b6a0   0x0800b6a0   0x00000070   Code   RO         7207    i.Recv_AT_CSQ_Ack   modulea7680c.o
    0x0800b710   0x0800b710   0x000000f8   Code   RO         7208    i.Recv_AT_ConnectServer0Cmd_Ack  modulea7680c.o
    0x0800b808   0x0800b808   0x000000b0   Code   RO         7209    i.Recv_AT_ConnectServer0_Ack  modulea7680c.o
    0x0800b8b8   0x0800b8b8   0x000000c4   Code   RO         7210    i.Recv_AT_ConnectServer1Cmd_Ack  modulea7680c.o
    0x0800b97c   0x0800b97c   0x000000b0   Code   RO         7211    i.Recv_AT_ConnectServer1_Ack  modulea7680c.o
    0x0800ba2c   0x0800ba2c   0x00000020   Code   RO         7212    i.Recv_AT_EnterATCmd_Ack  modulea7680c.o
    0x0800ba4c   0x0800ba4c   0x00000078   Code   RO         7213    i.Recv_AT_IMEI_Ack  modulea7680c.o
    0x0800bac4   0x0800bac4   0x00000038   Code   RO         7214    i.Recv_AT_NETOPEN_Ack  modulea7680c.o
    0x0800bafc   0x0800bafc   0x000000e8   Code   RO         7215    i.Recv_AT_ReRecv0Cmd_Ack  modulea7680c.o
    0x0800bbe4   0x0800bbe4   0x000000e8   Code   RO         7216    i.Recv_AT_ReRecv1Cmd_Ack  modulea7680c.o
    0x0800bccc   0x0800bccc   0x00000058   Code   RO         7217    i.Recv_AT_SendAck0Cmd_Ack  modulea7680c.o
    0x0800bd24   0x0800bd24   0x00000058   Code   RO         7218    i.Recv_AT_SendAck1Cmd_Ack  modulea7680c.o
    0x0800bd7c   0x0800bd7c   0x00000038   Code   RO         7219    i.Recv_AT_SetReAct_Ack  modulea7680c.o
    0x0800bdb4   0x0800bdb4   0x00000014   Code   RO         7220    i.Recv_ActRecv0_Ack  modulea7680c.o
    0x0800bdc8   0x0800bdc8   0x00000014   Code   RO         7221    i.Recv_ActRecv1_Ack  modulea7680c.o
    0x0800bddc   0x0800bddc   0x00000044   Code   RO         7222    i.Recv_HttpConect_Ack  modulea7680c.o
    0x0800be20   0x0800be20   0x00000080   Code   RO         7223    i.Recv_HttpGet_Ack  modulea7680c.o
    0x0800bea0   0x0800bea0   0x00000044   Code   RO         7224    i.Recv_HttpStart_Ack  modulea7680c.o
    0x0800bee4   0x0800bee4   0x00000108   Code   RO         7225    i.Recv_ReadData_Ack  modulea7680c.o
    0x0800bfec   0x0800bfec   0x00000024   Code   RO         7226    i.Recv_ReadDone_Ack  modulea7680c.o
    0x0800c010   0x0800c010   0x00000016   Code   RO         7227    i.SIM7600CloseNet   modulea7680c.o
    0x0800c026   0x0800c026   0x00000002   PAD
    0x0800c028   0x0800c028   0x00000104   Code   RO         7228    i.SIM7600Reset      modulea7680c.o
    0x0800c12c   0x0800c12c   0x00000068   Code   RO         7229    i.SIM7600_RecvDesposeCmd  modulea7680c.o
    0x0800c194   0x0800c194   0x0000004c   Code   RO         8169    i.SPI_FLASH_BufferRead  spi_flash.o
    0x0800c1e0   0x0800c1e0   0x0000008c   Code   RO         8170    i.SPI_FLASH_BufferWrite  spi_flash.o
    0x0800c26c   0x0800c26c   0x00000004   Code   RO         8173    i.SPI_FLASH_Detect  spi_flash.o
    0x0800c270   0x0800c270   0x0000005c   Code   RO         8174    i.SPI_FLASH_PageWrite  spi_flash.o
    0x0800c2cc   0x0800c2cc   0x0000003c   Code   RO         8175    i.SPI_FLASH_ReadByte  spi_flash.o
    0x0800c308   0x0800c308   0x00000048   Code   RO         8176    i.SPI_FLASH_ReadID  spi_flash.o
    0x0800c350   0x0800c350   0x00000044   Code   RO         8177    i.SPI_FLASH_SectorErase  spi_flash.o
    0x0800c394   0x0800c394   0x00000044   Code   RO         8178    i.SPI_FLASH_SendByte  spi_flash.o
    0x0800c3d8   0x0800c3d8   0x0000003c   Code   RO         8179    i.SPI_FLASH_WaitForWriteEnd  spi_flash.o
    0x0800c414   0x0800c414   0x00000020   Code   RO         8180    i.SPI_FLASH_WriteDisable  spi_flash.o
    0x0800c434   0x0800c434   0x00000020   Code   RO         8181    i.SPI_FLASH_WriteEnable  spi_flash.o
    0x0800c454   0x0800c454   0x00000054   Code   RO         8182    i.SPI_FLASH_WriteStatus  spi_flash.o
    0x0800c4a8   0x0800c4a8   0x00000034   Code   RO         7230    i.Send_AT_CGDCONT   modulea7680c.o
    0x0800c4dc   0x0800c4dc   0x00000024   Code   RO         7231    i.Send_AT_CIMI      modulea7680c.o
    0x0800c500   0x0800c500   0x00000088   Code   RO         7232    i.Send_AT_CIPCLOSE  modulea7680c.o
    0x0800c588   0x0800c588   0x00000028   Code   RO         7233    i.Send_AT_CIPMODE   modulea7680c.o
    0x0800c5b0   0x0800c5b0   0x00000080   Code   RO         7234    i.Send_AT_CIPRXGET  modulea7680c.o
    0x0800c630   0x0800c630   0x00000024   Code   RO         7236    i.Send_AT_CSQ       modulea7680c.o
    0x0800c654   0x0800c654   0x0000001c   Code   RO         7237    i.Send_AT_EnterATCmd  modulea7680c.o
    0x0800c670   0x0800c670   0x0000002c   Code   RO         7238    i.Send_AT_GET       modulea7680c.o
    0x0800c69c   0x0800c69c   0x00000028   Code   RO         7239    i.Send_AT_HTTPINIT  modulea7680c.o
    0x0800c6c4   0x0800c6c4   0x00000088   Code   RO         7240    i.Send_AT_HTTPPAR   modulea7680c.o
    0x0800c74c   0x0800c74c   0x000000a0   Code   RO         7241    i.Send_AT_HTTPPAR_PASSWORD  modulea7680c.o
    0x0800c7ec   0x0800c7ec   0x00000028   Code   RO         7242    i.Send_AT_HTTPTERM  modulea7680c.o
    0x0800c814   0x0800c814   0x00000028   Code   RO         7243    i.Send_AT_NETCLOSE  modulea7680c.o
    0x0800c83c   0x0800c83c   0x00000028   Code   RO         7244    i.Send_AT_NETOPEN   modulea7680c.o
    0x0800c864   0x0800c864   0x00000028   Code   RO         7245    i.Send_AT_NOTCIPMODE  modulea7680c.o
    0x0800c88c   0x0800c88c   0x00000080   Code   RO         7246    i.Send_AT_READ      modulea7680c.o
    0x0800c90c   0x0800c90c   0x00000024   Code   RO         7247    i.Send_AT_ReadIMEI  modulea7680c.o
    0x0800c930   0x0800c930   0x00000028   Code   RO         7248    i.Send_AT_SetCIPRXGET  modulea7680c.o
    0x0800c958   0x0800c958   0x00000008   Code   RO          366    i.SetSysClock       system_at32f4xx.o
    0x0800c960   0x0800c960   0x0000011c   Code   RO          367    i.SetSysClockTo144M  system_at32f4xx.o
    0x0800ca7c   0x0800ca7c   0x0000002a   Code   RO         9253    i.SetVariColor      dwinprotocol.o
    0x0800caa6   0x0800caa6   0x00000002   PAD
    0x0800caa8   0x0800caa8   0x000000c4   Code   RO         5943    i.Set_V_Zero        hlw8112-spi.o
    0x0800cb6c   0x0800cb6c   0x0000006c   Code   RO         8931    i.Set_judge_rete_info  dwin_com_pro.o
    0x0800cbd8   0x0800cbd8   0x000000a0   Code   RO         5944    i.Set_underVoltage  hlw8112-spi.o
    0x0800cc78   0x0800cc78   0x00000090   Code   RO         8185    i.Spi_Flash_Io_Init  spi_flash.o
    0x0800cd08   0x0800cd08   0x00000020   Code   RO         8932    i.StoreRecodeCurNum  dwin_com_pro.o
    0x0800cd28   0x0800cd28   0x00000052   Code   RO         8933    i.StrToHex          dwin_com_pro.o
    0x0800cd7a   0x0800cd7a   0x000000ea   Code   RO         7598    i.StringToHex       frame66.o
    0x0800ce64   0x0800ce64   0x00000028   Code   RO          986    i.SysTick_CLKSourceConfig  misc.o
    0x0800ce8c   0x0800ce8c   0x0000001c   Code   RO         5777    i.SysTick_Handler   delay.o
    0x0800cea8   0x0800cea8   0x0000009c   Code   RO          369    i.SystemInit        system_at32f4xx.o
    0x0800cf44   0x0800cf44   0x0000004c   Code   RO         5882    i.SystemReset       device.o
    0x0800cf90   0x0800cf90   0x000000a8   Code   RO         6110    i.TIM2_PWM_Conrtol  timer.o
    0x0800d038   0x0800d038   0x00000004   Code   RO         6112    i.TMR3_GLOBAL_IRQHandler  timer.o
    0x0800d03c   0x0800d03c   0x00000018   Code   RO         2418    i.TMR_Cmd           at32f4xx_tim.o
    0x0800d054   0x0800d054   0x00000094   Code   RO         2452    i.TMR_OC2Init       at32f4xx_tim.o
    0x0800d0e8   0x0800d0e8   0x0000001a   Code   RO         2455    i.TMR_OC2PreloadConfig  at32f4xx_tim.o
    0x0800d102   0x0800d102   0x00000014   Code   RO         2465    i.TMR_OCStructInit  at32f4xx_tim.o
    0x0800d116   0x0800d116   0x00000002   PAD
    0x0800d118   0x0800d118   0x00000058   Code   RO         2490    i.TMR_TimeBaseInit  at32f4xx_tim.o
    0x0800d170   0x0800d170   0x00000012   Code   RO         2491    i.TMR_TimeBaseStructInit  at32f4xx_tim.o
    0x0800d182   0x0800d182   0x00000002   PAD
    0x0800d184   0x0800d184   0x00000034   Code   RO         8934    i.Time_charging     dwin_com_pro.o
    0x0800d1b8   0x0800d1b8   0x00000078   Code   RO         8935    i.Timing_charging   dwin_com_pro.o
    0x0800d230   0x0800d230   0x000000a8   Code   RO         5593    i.UART14Ginit       uart1.o
    0x0800d2d8   0x0800d2d8   0x0000001a   Code   RO         5594    i.UART1SENDBUF      uart1.o
    0x0800d2f2   0x0800d2f2   0x00000002   PAD
    0x0800d2f4   0x0800d2f4   0x0000001c   Code   RO         5595    i.UART1SendByte     uart1.o
    0x0800d310   0x0800d310   0x000000a4   Code   RO         5679    i.UART2Dispinit     uart2.o
    0x0800d3b4   0x0800d3b4   0x0000001a   Code   RO         5680    i.UART2SENDBUF      uart2.o
    0x0800d3ce   0x0800d3ce   0x00000002   PAD
    0x0800d3d0   0x0800d3d0   0x0000001c   Code   RO         5681    i.UART2SendByte     uart2.o
    0x0800d3ec   0x0800d3ec   0x00000050   Code   RO         6909    i.UART_4GWrite      4gmain.o
    0x0800d43c   0x0800d43c   0x00000098   Code   RO         3036    i.UART_Print_Init   at32_board.o
    0x0800d4d4   0x0800d4d4   0x00000044   Code   RO         7599    i.UDIDCountDispose  frame66.o
    0x0800d518   0x0800d518   0x00000040   Code   RO         5596    i.USART1_IRQHandler  uart1.o
    0x0800d558   0x0800d558   0x00000120   Code   RO         5597    i.USART1_RecvDispose  uart1.o
    0x0800d678   0x0800d678   0x00000040   Code   RO         5682    i.USART2_IRQHandler  uart2.o
    0x0800d6b8   0x0800d6b8   0x00000034   Code   RO         5683    i.USART2_RecvDispose  uart2.o
    0x0800d6ec   0x0800d6ec   0x00000028   Code   RO         5734    i.USART3_IRQHandler  485_1.o
    0x0800d714   0x0800d714   0x0000001e   Code   RO          803    i.USART_ClearITPendingBit  at32f4xx_usart.o
    0x0800d732   0x0800d732   0x00000018   Code   RO          806    i.USART_Cmd         at32f4xx_usart.o
    0x0800d74a   0x0800d74a   0x0000001a   Code   RO          808    i.USART_GetFlagStatus  at32f4xx_usart.o
    0x0800d764   0x0800d764   0x00000054   Code   RO          809    i.USART_GetITStatus  at32f4xx_usart.o
    0x0800d7b8   0x0800d7b8   0x0000004a   Code   RO          811    i.USART_INTConfig   at32f4xx_usart.o
    0x0800d802   0x0800d802   0x00000002   PAD
    0x0800d804   0x0800d804   0x000000e8   Code   RO          812    i.USART_Init        at32f4xx_usart.o
    0x0800d8ec   0x0800d8ec   0x0000000a   Code   RO          817    i.USART_ReceiveData  at32f4xx_usart.o
    0x0800d8f6   0x0800d8f6   0x00000008   Code   RO          821    i.USART_SendData    at32f4xx_usart.o
    0x0800d8fe   0x0800d8fe   0x00000018   Code   RO          827    i.USART_StructInit  at32f4xx_usart.o
    0x0800d916   0x0800d916   0x00000002   PAD
    0x0800d918   0x0800d918   0x000001b0   Code   RO         7825    i.Unlock_settlement  read_nuid.o
    0x0800dac8   0x0800dac8   0x00000050   Code   RO         8936    i.Unlock_settlementrecord  dwin_com_pro.o
    0x0800db18   0x0800db18   0x00000004   Code   RO          311    i.UsageFault_Handler  at32f4xx_it.o
    0x0800db1c   0x0800db1c   0x00000080   Code   RO         8937    i.WriterFmBill      dwin_com_pro.o
    0x0800db9c   0x0800db9c   0x00000248   Code   RO         7536    i.ZF_SendBill       zfframe.o
    0x0800dde4   0x0800dde4   0x000001f0   Code   RO         7537    i.ZF_SendDevState   zfframe.o
    0x0800dfd4   0x0800dfd4   0x000000c0   Code   RO         7538    i.ZF_SendFrameDispose  zfframe.o
    0x0800e094   0x0800e094   0x00000048   Code   RO         7539    i.ZF_SendHear       zfframe.o
    0x0800e0dc   0x0800e0dc   0x000000b4   Code   RO         7540    i.ZF_SendRegister   zfframe.o
    0x0800e190   0x0800e190   0x00000048   Code   RO         7541    i.ZF_SendStartCharge  zfframe.o
    0x0800e1d8   0x0800e1d8   0x00000014   Code   RO         6910    i._4G_GetStartType  4gmain.o
    0x0800e1ec   0x0800e1ec   0x00000010   Code   RO         6911    i._4G_RecvFrameDispose  4gmain.o
    0x0800e1fc   0x0800e1fc   0x00000016   Code   RO         6912    i._4G_SendBill      4gmain.o
    0x0800e212   0x0800e212   0x00000006   Code   RO         6913    i._4G_SendCardInfo  4gmain.o
    0x0800e218   0x0800e218   0x00000006   Code   RO         6914    i._4G_SendCardVinCharge  4gmain.o
    0x0800e21e   0x0800e21e   0x00000006   Code   RO         6915    i._4G_SendDevState  4gmain.o
    0x0800e224   0x0800e224   0x0000000a   Code   RO         6916    i._4G_SendFrameDispose  4gmain.o
    0x0800e22e   0x0800e22e   0x00000004   Code   RO         6917    i._4G_SendQueryRate  4gmain.o
    0x0800e232   0x0800e232   0x00000006   Code   RO         6918    i._4G_SendRateAck   4gmain.o
    0x0800e238   0x0800e238   0x00000004   Code   RO         6919    i._4G_SendRateMode  4gmain.o
    0x0800e23c   0x0800e23c   0x0000000e   Code   RO         6920    i._4G_SendSetQR     4gmain.o
    0x0800e24a   0x0800e24a   0x0000000a   Code   RO         6921    i._4G_SendSetTimeAck  4gmain.o
    0x0800e254   0x0800e254   0x0000000e   Code   RO         6922    i._4G_SendStartAck  4gmain.o
    0x0800e262   0x0800e262   0x0000000e   Code   RO         6923    i._4G_SendStopAck   4gmain.o
    0x0800e270   0x0800e270   0x00000006   Code   RO         6924    i._4G_SendVinInfo   4gmain.o
    0x0800e276   0x0800e276   0x0000001e   Code   RO         6925    i._4G_SetStartType  4gmain.o
    0x0800e294   0x0800e294   0x0000000c   Code   RO         7600    i._66_GetBatchNum   frame66.o
    0x0800e2a0   0x0800e2a0   0x0000040c   Code   RO         7601    i._66_PreBill       frame66.o
    0x0800e6ac   0x0800e6ac   0x00000034   Code   RO         7602    i._66_RecvBillAck   frame66.o
    0x0800e6e0   0x0800e6e0   0x00000006   Code   RO         7603    i._66_RecvBillQ     frame66.o
    0x0800e6e6   0x0800e6e6   0x00000002   PAD
    0x0800e6e8   0x0800e6e8   0x00000124   Code   RO         7604    i._66_RecvFrameDispose  frame66.o
    0x0800e80c   0x0800e80c   0x00000006   Code   RO         7605    i._66_RecvHeartAck  frame66.o
    0x0800e812   0x0800e812   0x00000002   PAD
    0x0800e814   0x0800e814   0x0000002c   Code   RO         7606    i._66_RecvOTA       frame66.o
    0x0800e840   0x0800e840   0x00000064   Code   RO         7607    i._66_RecvRegisterAck  frame66.o
    0x0800e8a4   0x0800e8a4   0x0000000e   Code   RO         7608    i._66_RecvReset     frame66.o
    0x0800e8b2   0x0800e8b2   0x00000090   Code   RO         7609    i._66_RecvSetPower  frame66.o
    0x0800e942   0x0800e942   0x00000002   PAD
    0x0800e944   0x0800e944   0x00000038   Code   RO         7610    i._66_RecvSetQR     frame66.o
    0x0800e97c   0x0800e97c   0x00000120   Code   RO         7611    i._66_RecvSetTime   frame66.o
    0x0800ea9c   0x0800ea9c   0x00000124   Code   RO         7612    i._66_RecvStart     frame66.o
    0x0800ebc0   0x0800ebc0   0x0000003a   Code   RO         7613    i._66_RecvStop      frame66.o
    0x0800ebfa   0x0800ebfa   0x00000002   PAD
    0x0800ebfc   0x0800ebfc   0x00000494   Code   RO         7615    i._66_SendBill      frame66.o
    0x0800f090   0x0800f090   0x0000004c   Code   RO         7616    i._66_SendBillData  frame66.o
    0x0800f0dc   0x0800f0dc   0x0000032c   Code   RO         7617    i._66_SendDataGunACmd  frame66.o
    0x0800f408   0x0800f408   0x00000124   Code   RO         7618    i._66_SendHearGunACmd  frame66.o
    0x0800f52c   0x0800f52c   0x00000124   Code   RO         7620    i._66_SendRegisterCmd  frame66.o
    0x0800f650   0x0800f650   0x00000394   Code   RO         7621    i._66_SendSJDataGunACmd  frame66.o
    0x0800f9e4   0x0800f9e4   0x0000009c   Code   RO         7622    i._66_SendStartAck  frame66.o
    0x0800fa80   0x0800fa80   0x00000054   Code   RO         7623    i._66_SendStopAck   frame66.o
    0x0800fad4   0x0800fad4   0x00000030   Code   RO         7624    i._66_SetQRAck      frame66.o
    0x0800fb04   0x0800fb04   0x00000028   Code   RO         7625    i._66_SetTimeAck    frame66.o
    0x0800fb2c   0x0800fb2c   0x00000012   Code   RO         7978    i._RC522_delay_ns   rc522.o
    0x0800fb3e   0x0800fb3e   0x00000002   PAD
    0x0800fb40   0x0800fb40   0x00000020   Code   RO         9859    i.__0printf$8       mc_w.l(printf8.o)
    0x0800fb60   0x0800fb60   0x00000034   Code   RO         9860    i.__0snprintf$8     mc_w.l(printf8.o)
    0x0800fb94   0x0800fb94   0x00000008   Code   RO         9961    i.__aeabi_errno_addr  mc_w.l(errno.o)
    0x0800fb9c   0x0800fb9c   0x0000000e   Code   RO        10019    i.__scatterload_copy  mc_w.l(handlers.o)
    0x0800fbaa   0x0800fbaa   0x00000002   Code   RO        10020    i.__scatterload_null  mc_w.l(handlers.o)
    0x0800fbac   0x0800fbac   0x0000000e   Code   RO        10021    i.__scatterload_zeroinit  mc_w.l(handlers.o)
    0x0800fbba   0x0800fbba   0x00000006   Code   RO         6113    i.__set_PRIMASK     timer.o
    0x0800fbc0   0x0800fbc0   0x00000404   Code   RO         9866    i._printf_core      mc_w.l(printf8.o)
    0x0800ffc4   0x0800ffc4   0x00000024   Code   RO         9867    i._printf_post_padding  mc_w.l(printf8.o)
    0x0800ffe8   0x0800ffe8   0x0000002e   Code   RO         9868    i._printf_pre_padding  mc_w.l(printf8.o)
    0x08010016   0x08010016   0x00000016   Code   RO         9869    i._snputc           mc_w.l(printf8.o)
    0x0801002c   0x0801002c   0x000000e8   Code   RO         6181    i.adc_init          adc.o
    0x08010114   0x08010114   0x0000002c   Code   RO         7626    i.app_get66_qr      frame66.o
    0x08010140   0x08010140   0x00000038   Code   RO         7826    i.app_read_nuid     read_nuid.o
    0x08010178   0x08010178   0x000000e0   Code   RO         9462    i.base64_encode     utils_hmac.o
    0x08010258   0x08010258   0x0000005c   Code   RO         6437    i.ch_charging       chproc.o
    0x080102b4   0x080102b4   0x00000056   Code   RO         6438    i.ch_cplt_func      chproc.o
    0x0801030a   0x0801030a   0x00000002   PAD
    0x0801030c   0x0801030c   0x0000002c   Code   RO         6439    i.ch_ctl_disable    chproc.o
    0x08010338   0x08010338   0x0000002c   Code   RO         6440    i.ch_ctl_enable     chproc.o
    0x08010364   0x08010364   0x0000004c   Code   RO         6662    i.ch_cycle_get_8112  chtask.o
    0x080103b0   0x080103b0   0x00000058   Code   RO         6442    i.ch_fault_proc     chproc.o
    0x08010408   0x08010408   0x00000084   Code   RO         6663    i.ch_from_ctl_msg   chtask.o
    0x0801048c   0x0801048c   0x00000094   Code   RO         6664    i.ch_get_cp_state_info  chtask.o
    0x08010520   0x08010520   0x000000e4   Code   RO         6776    i.ch_get_cp_volt    cp.o
    0x08010604   0x08010604   0x000000a8   Code   RO         6443    i.ch_info_update    chproc.o
    0x080106ac   0x080106ac   0x00000074   Code   RO         6444    i.ch_insert_proc    chproc.o
    0x08010720   0x08010720   0x00000074   Code   RO         6445    i.ch_is_cp_off      chproc.o
    0x08010794   0x08010794   0x00000080   Code   RO         6446    i.ch_is_end_condition  chproc.o
    0x08010814   0x08010814   0x0000000e   Code   RO         6447    i.ch_is_fault       chproc.o
    0x08010822   0x08010822   0x0000002c   Code   RO         6448    i.ch_is_insert      chproc.o
    0x0801084e   0x0801084e   0x00000002   PAD
    0x08010850   0x08010850   0x00000088   Code   RO         6449    i.ch_is_low_current  chproc.o
    0x080108d8   0x080108d8   0x00000098   Code   RO         6450    i.ch_is_over_current  chproc.o
    0x08010970   0x08010970   0x00000098   Code   RO         6451    i.ch_is_over_volt   chproc.o
    0x08010a08   0x08010a08   0x00000070   Code   RO         6452    i.ch_is_start       chproc.o
    0x08010a78   0x08010a78   0x000000f0   Code   RO         6453    i.ch_is_stp         chproc.o
    0x08010b68   0x08010b68   0x00000098   Code   RO         6454    i.ch_is_under_volt  chproc.o
    0x08010c00   0x08010c00   0x00000018   Code   RO         6455    i.ch_jump_new_stat  chproc.o
    0x08010c18   0x08010c18   0x00000056   Code   RO         6456    i.ch_loop_proc      chproc.o
    0x08010c6e   0x08010c6e   0x00000002   PAD
    0x08010c70   0x08010c70   0x00000074   Code   RO         6665    i.ch_msg_proc       chtask.o
    0x08010ce4   0x08010ce4   0x00000024   Code   RO         6457    i.ch_precharge      chproc.o
    0x08010d08   0x08010d08   0x00000056   Code   RO         6458    i.ch_standy_proc    chproc.o
    0x08010d5e   0x08010d5e   0x00000002   PAD
    0x08010d60   0x08010d60   0x00000098   Code   RO         6459    i.ch_start_func     chproc.o
    0x08010df8   0x08010df8   0x00000032   Code   RO         6460    i.ch_stop_func      chproc.o
    0x08010e2a   0x08010e2a   0x00000002   PAD
    0x08010e2c   0x08010e2c   0x00000014   Code   RO         6666    i.ch_task_cycle_proc  chtask.o
    0x08010e40   0x08010e40   0x00000058   Code   RO         6667    i.ch_task_init      chtask.o
    0x08010e98   0x08010e98   0x00000018   Code   RO         6668    i.ch_task_tcu_msg_proc  chtask.o
    0x08010eb0   0x08010eb0   0x00000068   Code   RO         6461    i.ch_wait_car_ready  chproc.o
    0x08010f18   0x08010f18   0x00000030   Code   RO         6669    i.ch_wait_msg       chtask.o
    0x08010f48   0x08010f48   0x0000000e   Code   RO         6462    i.ch_wait_stop      chproc.o
    0x08010f56   0x08010f56   0x00000002   PAD
    0x08010f58   0x08010f58   0x000000a4   Code   RO         6372    i.cp56time          ch_port.o
    0x08010ffc   0x08010ffc   0x00000018   Code   RO         6463    i.cp_pwm_ch_puls    chproc.o
    0x08011014   0x08011014   0x00000014   Code   RO         6464    i.cp_pwm_full       chproc.o
    0x08011028   0x08011028   0x0000002c   Code   RO         6465    i.cp_set_pwm_val    chproc.o
    0x08011054   0x08011054   0x00000070   Code   RO         5778    i.delay_init        delay.o
    0x080110c4   0x080110c4   0x00000050   Code   RO         5779    i.delay_m           delay.o
    0x08011114   0x08011114   0x0000000a   Code   RO         5780    i.delay_osschedlock  delay.o
    0x0801111e   0x0801111e   0x0000000a   Code   RO         5781    i.delay_osschedunlock  delay.o
    0x08011128   0x08011128   0x00000010   Code   RO         5782    i.delay_ostimedly   delay.o
    0x08011138   0x08011138   0x00000058   Code   RO         5783    i.delay_u           delay.o
    0x08011190   0x08011190   0x00000180   Code   RO         8938    i.dwin_show         dwin_com_pro.o
    0x08011310   0x08011310   0x000000b0   Code   RO         8939    i.dwin_show_record  dwin_com_pro.o
    0x080113c0   0x080113c0   0x00000164   Code   RO         8940    i.dwin_show_state   dwin_com_pro.o
    0x08011524   0x08011524   0x000000cc   Code   RO         6233    i.ertc              ertc.o
    0x080115f0   0x080115f0   0x00000050   Code   RO         8132    i.fal_partition_read  flashdispos.o
    0x08011640   0x08011640   0x00000050   Code   RO         8133    i.fal_partition_write  flashdispos.o
    0x08011690   0x08011690   0x00000264   Code   RO         8941    i.flash_para_init   dwin_com_pro.o
    0x080118f4   0x080118f4   0x00000024   Code   RO         3038    i.fputc             at32_board.o
    0x08011918   0x08011918   0x000000c4   Code   RO         6466    i.get_q_money       chproc.o
    0x080119dc   0x080119dc   0x0000001a   Code   RO         5598    i.get_xor_check_sum  uart1.o
    0x080119f6   0x080119f6   0x0000001a   Code   RO         7627    i.get_xor_check_sum  frame66.o
    0x08011a10   0x08011a10   0x0000007c   Code   RO         6670    i.io_input_period   chtask.o
    0x08011a8c   0x08011a8c   0x00000024   Code   RO         8943    i.judge_rete_info   dwin_com_pro.o
    0x08011ab0   0x08011ab0   0x000001e8   Code   RO         6373    i.localtime_to_cp56time  ch_port.o
    0x08011c98   0x08011c98   0x00000064   Code   RO           10    i.main              main.o
    0x08011cfc   0x08011cfc   0x0000003c   Code   RO         7827    i.mode5             read_nuid.o
    0x08011d38   0x08011d38   0x00000050   Code   RO         6467    i.money_not_enough  chproc.o
    0x08011d88   0x08011d88   0x00000020   Code   RO         6820    i.mq_service_4GUart_send_recv  mq_service.o
    0x08011da8   0x08011da8   0x00000020   Code   RO         6821    i.mq_service_card_send_disp  mq_service.o
    0x08011dc8   0x08011dc8   0x00000020   Code   RO         6822    i.mq_service_ch_send_dip  mq_service.o
    0x08011de8   0x08011de8   0x00000020   Code   RO         6823    i.mq_service_dwinrecv_send_disp  mq_service.o
    0x08011e08   0x08011e08   0x00000038   Code   RO         6824    i.mq_service_moduleid_exist  mq_service.o
    0x08011e40   0x08011e40   0x00000072   Code   RO         6825    i.mq_service_recv_msg  mq_service.o
    0x08011eb2   0x08011eb2   0x00000002   PAD
    0x08011eb4   0x08011eb4   0x0000020c   Code   RO         6826    i.mq_service_send_msg  mq_service.o
    0x080120c0   0x080120c0   0x00000020   Code   RO         6827    i.mq_service_send_to_4gsend  mq_service.o
    0x080120e0   0x080120e0   0x00000024   Code   RO         6828    i.mq_service_xxx_send_msg_to_chtask  mq_service.o
    0x08012104   0x08012104   0x0000004c   Code   RO         7828    i.read_card_money   read_nuid.o
    0x08012150   0x08012150   0x0000006c   Code   RO         7829    i.read_card_type    read_nuid.o
    0x080121bc   0x080121bc   0x00000030   Code   RO         7830    i.read_lock_state   read_nuid.o
    0x080121ec   0x080121ec   0x0000005c   Code   RO         8944    i.rt_dwin_period_entry  dwin_com_pro.o
    0x08012248   0x08012248   0x000003ac   Code   RO         8945    i.rt_dwin_state_dispose  dwin_com_pro.o
    0x080125f4   0x080125f4   0x00000042   Code   RO         8946    i.send_ch_ctl_msg   dwin_com_pro.o
    0x08012636   0x08012636   0x00000026   Code   RO         7831    i.set_CardMCUID     read_nuid.o
    0x0801265c   0x0801265c   0x00000016   Code   RO         7832    i.set_card_money    read_nuid.o
    0x08012672   0x08012672   0x00000002   PAD
    0x08012674   0x08012674   0x00000048   Code   RO         6234    i.set_date          ertc.o
    0x080126bc   0x080126bc   0x00000044   Code   RO         6235    i.set_time          ertc.o
    0x08012700   0x08012700   0x0000002c   Code   RO         7833    i.show_Notcalculated  read_nuid.o
    0x0801272c   0x0801272c   0x0000003c   Code   RO         9255    i.simulation_Print  dwinprotocol.o
    0x08012768   0x08012768   0x0000015c   Code   RO         7834    i.slotcard_state    read_nuid.o
    0x080128c4   0x080128c4   0x000002e0   Code   RO         7835    i.start_change_card  read_nuid.o
    0x08012ba4   0x08012ba4   0x00000150   Code   RO         7836    i.startchargUnlock  read_nuid.o
    0x08012cf4   0x08012cf4   0x000000f8   Code   RO         7837    i.stop_change_card  read_nuid.o
    0x08012dec   0x08012dec   0x000000f6   Code   RO         8947    i.timeSert          dwin_com_pro.o
    0x08012ee2   0x08012ee2   0x00000002   PAD
    0x08012ee4   0x08012ee4   0x0000002c   Code   RO         6374    i.time_cal_day      ch_port.o
    0x08012f10   0x08012f10   0x000000f4   Code   RO         6114    i.uart_recvdispose  timer.o
    0x08013004   0x08013004   0x00000014   Code   RO         7628    i.uint16_H_to_L     frame66.o
    0x08013018   0x08013018   0x00000022   Code   RO         7629    i.uint32split_H_to_L  frame66.o
    0x0801303a   0x0801303a   0x00000018   Code   RO         9502    i.utils_hb2hex      utils_md5.o
    0x08013052   0x08013052   0x000000e8   Code   RO         9464    i.utils_hmac_sha1   utils_hmac.o
    0x0801313a   0x0801313a   0x00000002   PAD
    0x0801313c   0x0801313c   0x000000e8   Code   RO         9570    i.utils_sha1_finish  utils_sha1.o
    0x08013224   0x08013224   0x0000000e   Code   RO         9572    i.utils_sha1_init   utils_sha1.o
    0x08013232   0x08013232   0x00000002   PAD
    0x08013234   0x08013234   0x0000191c   Code   RO         9573    i.utils_sha1_process  utils_sha1.o
    0x08014b50   0x08014b50   0x0000002c   Code   RO         9574    i.utils_sha1_starts  utils_sha1.o
    0x08014b7c   0x08014b7c   0x0000007c   Code   RO         9575    i.utils_sha1_update  utils_sha1.o
    0x08014bf8   0x08014bf8   0x00000044   Code   RO         7838    i.writer_lock_state  read_nuid.o
    0x08014c3c   0x08014c3c   0x00000010   Data   RO          588    .constdata          at32f4xx_rcc.o
    0x08014c4c   0x08014c4c   0x00000094   Data   RO         3646    .constdata          os_cfg_app.o
    0x08014ce0   0x08014ce0   0x00000168   Data   RO         3884    .constdata          os_dbg.o
    0x08014e48   0x08014e48   0x00000013   Data   RO         6375    .constdata          ch_port.o
    0x08014e5b   0x08014e5b   0x00000001   PAD
    0x08014e5c   0x08014e5c   0x000000b8   Data   RO         7250    .constdata          modulea7680c.o
    0x08014f14   0x08014f14   0x00000060   Data   RO         8134    .constdata          flashdispos.o
    0x08014f74   0x08014f74   0x000001bc   Data   RO         8868    .constdata          dispshowstatus.o
    0x08015130   0x08015130   0x00000060   Data   RO         8949    .constdata          dwin_com_pro.o
    0x08015190   0x08015190   0x00000040   Data   RO         9577    .constdata          utils_sha1.o
    0x080151d0   0x080151d0   0x00000081   Data   RO         9986    .constdata          mc_w.l(ctype_o.o)
    0x08015251   0x08015251   0x00000003   PAD
    0x08015254   0x08015254   0x00000004   Data   RO         9987    .constdata          mc_w.l(ctype_o.o)
    0x08015258   0x08015258   0x00000143   Data   RO         7251    .conststring        modulea7680c.o
    0x0801539b   0x0801539b   0x00000001   PAD
    0x0801539c   0x0801539c   0x00000149   Data   RO         8869    .conststring        dispshowstatus.o
    0x080154e5   0x080154e5   0x00000003   PAD
    0x080154e8   0x080154e8   0x00000041   Data   RO         9465    .conststring        utils_hmac.o
    0x08015529   0x08015529   0x00000003   PAD
    0x0801552c   0x0801552c   0x00000020   Data   RO        10017    Region$$Table       anon$$obj.o


    Execution Region RW_IRAM1 (Exec base: 0x20000000, Load base: 0x0801554c, Size: 0x00007fb0, Max: 0x00008000, ABSOLUTE, COMPRESSED[0x00000278])

    Exec Addr    Load Addr    Size         Type   Attr      Idx    E Section Name        Object

    0x20000000   COMPRESSED   0x0000003c   Data   RW           12    .data               main.o
    0x2000003c   COMPRESSED   0x00000014   Data   RW          370    .data               system_at32f4xx.o
    0x20000050   COMPRESSED   0x00000049   Data   RW         3039    .data               at32_board.o
    0x20000099   COMPRESSED   0x00000003   PAD
    0x2000009c   COMPRESSED   0x00000004   Data   RW         3159    .data               os_cpu_c.o
    0x200000a0   COMPRESSED   0x00000008   Data   RW         4130    .data               os_prio.o
    0x200000a8   COMPRESSED   0x000000c4   Data   RW         4688    .data               os_var.o
    0x2000016c   COMPRESSED   0x00000004   Data   RW         4773    .data               cpu_core.o
    0x20000170   COMPRESSED   0x00000004   Data   RW         5784    .data               delay.o
    0x20000174   COMPRESSED   0x000000b8   Data   RW         5946    .data               hlw8112-spi.o
    0x2000022c   COMPRESSED   0x00000008   Data   RW         6116    .data               timer.o
    0x20000234   COMPRESSED   0x0000001c   Data   RW         6237    .data               ertc.o
    0x20000250   COMPRESSED   0x00000010   Data   RW         6468    .data               chproc.o
    0x20000260   COMPRESSED   0x00000018   Data   RW         6672    .data               chtask.o
    0x20000278   COMPRESSED   0x00000002   Data   RW         6830    .data               mq_service.o
    0x2000027a   COMPRESSED   0x00000002   PAD
    0x2000027c   COMPRESSED   0x00000071   Data   RW         6927    .data               4gmain.o
    0x200002ed   COMPRESSED   0x00000003   PAD
    0x200002f0   COMPRESSED   0x00000018   Data   RW         7120    .data               4grecv.o
    0x20000308   COMPRESSED   0x00000008   Data   RW         7157    .data               4gsend.o
    0x20000310   COMPRESSED   0x00000013   Data   RW         7252    .data               modulea7680c.o
    0x20000323   COMPRESSED   0x00000001   PAD
    0x20000324   COMPRESSED   0x00000030   Data   RW         7542    .data               zfframe.o
    0x20000354   COMPRESSED   0x000000cc   Data   RW         7631    .data               frame66.o
    0x20000420   COMPRESSED   0x00000004   Data   RW         7840    .data               read_nuid.o
    0x20000424   COMPRESSED   0x00000006   Data   RW         7979    .data               rc522.o
    0x2000042a   COMPRESSED   0x00000002   PAD
    0x2000042c   COMPRESSED   0x00000005   Data   RW         8189    .data               spi_flash.o
    0x20000431   COMPRESSED   0x00000003   PAD
    0x20000434   COMPRESSED   0x0000000c   Data   RW         8407    .data               dispkey.o
    0x20000440   COMPRESSED   0x00000004   Data   RW         8662    .data               dispkeyfunction.o
    0x20000444   COMPRESSED   0x00000031   Data   RW         8950    .data               dwin_com_pro.o
    0x20000475   COMPRESSED   0x00000003   PAD
    0x20000478   COMPRESSED   0x000002bc   Data   RW         9433    .data               menudisp .o
    0x20000734   COMPRESSED   0x00000004   Data   RW         9466    .data               utils_hmac.o
    0x20000738   COMPRESSED   0x00000004   Data   RW         9645    .data               mc_w.l(strtok.o)
    0x2000073c   COMPRESSED   0x00000004   Data   RW         9964    .data               mc_w.l(errno.o)
    0x20000740        -       0x00001fb0   Zero   RW           11    .bss                main.o
    0x200026f0        -       0x00000d20   Zero   RW         3645    .bss                os_cfg_app.o
    0x20003410        -       0x00000618   Zero   RW         4687    .bss                os_var.o
    0x20003a28        -       0x00000010   Zero   RW         4771    .bss                cpu_core.o
    0x20003a38        -       0x00000260   Zero   RW         5599    .bss                uart1.o
    0x20003c98        -       0x00000038   Zero   RW         5684    .bss                uart2.o
    0x20003cd0        -       0x00000024   Zero   RW         6115    .bss                timer.o
    0x20003cf4        -       0x00000108   Zero   RW         6183    .bss                adc.o
    0x20003dfc        -       0x0000000c   Zero   RW         6236    .bss                ertc.o
    0x20003e08        -       0x0000031c   Zero   RW         6671    .bss                chtask.o
    0x20004124        -       0x00000e80   Zero   RW         6829    .bss                mq_service.o
    0x20004fa4        -       0x0000012e   Zero   RW         6926    .bss                4gmain.o
    0x200050d2   COMPRESSED   0x00000002   PAD
    0x200050d4        -       0x00000750   Zero   RW         7119    .bss                4grecv.o
    0x20005824        -       0x00000292   Zero   RW         7156    .bss                4gsend.o
    0x20005ab6        -       0x0000002f   Zero   RW         7249    .bss                modulea7680c.o
    0x20005ae5        -       0x00000729   Zero   RW         7630    .bss                frame66.o
    0x2000620e   COMPRESSED   0x00000002   PAD
    0x20006210        -       0x00000078   Zero   RW         7839    .bss                read_nuid.o
    0x20006288        -       0x00001000   Zero   RW         8188    .bss                spi_flash.o
    0x20007288        -       0x0000084e   Zero   RW         8948    .bss                dwin_com_pro.o
    0x20007ad6        -       0x000000c9   Zero   RW         9256    .bss                dwinprotocol.o
    0x20007b9f   COMPRESSED   0x00000001   PAD
    0x20007ba0        -       0x00000010   Zero   RW         9449    .bss                dlt645_port.o
    0x20007bb0        -       0x00000400   Zero   RW          409    STACK               startup_at32f415cbt7.o


==============================================================================

Image component sizes


      Code (inc. data)   RO Data    RW Data    ZI Data      Debug   Object Name

        40          6          0          0          0       2755   485_1.o
      1140        132          0        113        302      19905   4gmain.o
       752         80          0         24       1872       2717   4grecv.o
       816         98          0          8        658       3307   4gsend.o
       298         26          0          0        264       2893   adc.o
       188         14          0         73          0       4641   at32_board.o
       408         10          0          0          0       9571   at32f4xx_adc.o
       442          8          0          0          0       4823   at32f4xx_dma.o
      1110         76          0          0          0      11221   at32f4xx_ertc.o
       148          6          0          0          0       1300   at32f4xx_exti.o
      1332         16          0          0          0       6661   at32f4xx_gpio.o
        20          0          0          0          0       2973   at32f4xx_it.o
        68         30          0          0          0       3187   at32f4xx_iwdg.o
        12          6          0          0          0        659   at32f4xx_pwr.o
      1220        140         16          0          0      11330   at32f4xx_rcc.o
       324         20          0          0          0       5118   at32f4xx_tim.o
       512          6          0          0          0       8863   at32f4xx_usart.o
        92         14          0          0          0       2537   bsp.o
       696         22         19          0          0       8502   ch_port.o
      2800        292          0         16          0      25174   chproc.o
      1060        234          0         24        796      12930   chtask.o
       228          4          0          0          0       1565   cp.o
        52          0          0          0          0        480   cpu_a.o
       100         18          0          4         16       5493   cpu_core.o
       344         40          0          4          0       4803   delay.o
       484         28          0          0          0      32783   device.o
      2322        318          0         12          0      23345   dispkey.o
       154         14          0          4          0      19940   dispkeyfunction.o
       288         18        773          0          0       3571   dispshowstatus.o
         0          0          0          0         16        962   dlt645_port.o
     11148       1256         96         49       2126      47615   dwin_com_pro.o
       652         20          0          0        201      10660   dwinprotocol.o
       710        186          0         28         12       6034   ertc.o
       160         12         96          0          0       2600   flashdispos.o
      7234        444          0        204       1833      31180   frame66.o
      3788        784          0        184          0      19931   hlw8112-spi.o
         0          0          0          0          0       7988   lib_ascii.o
         0          0          0          0          0       1609   lib_math.o
       102          0          0          0          0       2200   lib_mem.o
      1488        366          0         60       8112     393570   main.o
         0          0          0        700          0       2704   menudisp .o
       172         22          0          0          0       2681   misc.o
      6750       1510        507         19         47      44041   modulea7680c.o
       890         50          0          2       3712       8795   mq_service.o
         2          0        148          0       3360      19891   os_cfg_app.o
      2578        362          0          0          0      22322   os_core.o
       152         32          0          0          0        540   os_cpu_a.o
       556         60          0          4          0      10037   os_cpu_c.o
       424        278        360          0          0       5133   os_dbg.o
        24         10          0          0          0       1150   os_flag.o
        24         10          0          0          0       1153   os_mem.o
       570         32          0          0          0       4890   os_msg.o
      1172         78          0          0          0       5256   os_mutex.o
       136         16          0          8          0       3594   os_prio.o
      1018         56          0          0          0       6443   os_q.o
        24         10          0          0          0       1145   os_sem.o
      1484        190          0          0          0       4539   os_stat.o
      2958        168          0          0          0      14589   os_task.o
      1088         92          0          0          0       7314   os_tick.o
       304         36          0          0          0       2797   os_time.o
       570        142          0          0          0       4839   os_tmr.o
         0          0          0        196       1560      18200   os_var.o
      2372         74          0          6          0      21144   rc522.o
      3188        334          0          4        120      14333   read_nuid.o
      1318        104          0          5       4096      12099   spi_flash.o
        36          8        368          0       1024        988   startup_at32f415cbt7.o
       448         52          0         20          0       2651   system_at32f4xx.o
       422         46          0          8         36       3123   timer.o
       600         36          0          0        608      19065   uart1.o
       334         30          0          0         56       6529   uart2.o
       456          4         65          4          0       2851   utils_hmac.o
        24          0          0          0          0        591   utils_md5.o
      6842         40         64          0          0       6255   utils_sha1.o
      1596         46          0         48          0       8333   zfframe.o

    ----------------------------------------------------------------------
     81362       8672       2552       1848      30832    1057411   Object Totals
         0          0         32          0          0          0   (incl. Generated)
        98          0          8         17          5          0   (incl. Padding)

    ----------------------------------------------------------------------

      Code (inc. data)   RO Data    RW Data    ZI Data      Debug   Library Member Name

        86          0          0          0          0          0   __dczerorl2.o
        28          0          0          0          0         68   _chval.o
       158          0          0          0          0         92   _strtoul.o
        26          0          0          0          0         80   atoi.o
         8          4        133          0          0         68   ctype_o.o
         0          0          0          0          0          0   entry.o
         0          0          0          0          0          0   entry10a.o
         0          0          0          0          0          0   entry11a.o
         4          0          0          0          0          0   entry12b.o
         8          4          0          0          0          0   entry2.o
         4          0          0          0          0          0   entry5.o
         0          0          0          0          0          0   entry7b.o
         0          0          0          0          0          0   entry8b.o
         8          4          0          0          0          0   entry9a.o
         8          4          0          4          0         68   errno.o
        30          0          0          0          0          0   handlers.o
        36          8          0          0          0         68   init.o
         0          0          0          0          0          0   iusefp.o
        30          0          0          0          0         68   llshl.o
        32          0          0          0          0         68   llushr.o
        36          0          0          0          0         68   memcpya.o
        36          0          0          0          0        108   memseta.o
      1216         58          0          0          0        508   printf8.o
        14          0          0          0          0         68   strlen.o
        30          0          0          0          0         80   strncmp.o
        36          0          0          0          0         80   strstr.o
        68          6          0          4          0         80   strtok.o
       112          0          0          0          0         88   strtol.o
        98          0          0          0          0         92   uldiv.o
        48          0          0          0          0         68   cdcmple.o
        48          0          0          0          0         68   cdrcmple.o
        20          0          0          0          0         68   cfcmple.o
        20          0          0          0          0         68   cfrcmple.o
        56          0          0          0          0         88   d2f.o
       186          0          0          0          0        176   depilogue.o
       228          0          0          0          0         96   dmul.o
        38          0          0          0          0         68   f2d.o
       176          0          0          0          0        140   fadd.o
       124          0          0          0          0         88   fdiv.o
       110          0          0          0          0        168   fepilogue.o
        40          0          0          0          0         68   ffixui.o
        10          0          0          0          0         68   ffltui.o
       100          0          0          0          0         76   fmul.o

    ----------------------------------------------------------------------
      3322         88        136          8          0       3060   Library Totals
         6          0          3          0          0          0   (incl. Padding)

    ----------------------------------------------------------------------

      Code (inc. data)   RO Data    RW Data    ZI Data      Debug   Library Name

      2112         88        133          8          0       1752   mc_w.l
      1204          0          0          0          0       1308   mf_w.l

    ----------------------------------------------------------------------
      3322         88        136          8          0       3060   Library Totals

    ----------------------------------------------------------------------

==============================================================================


      Code (inc. data)   RO Data    RW Data    ZI Data      Debug   

     84684       8760       2688       1856      30832    1025967   Grand Totals
     84684       8760       2688        632      30832    1025967   ELF Image Totals (compressed)
     84684       8760       2688        632          0          0   ROM Totals

==============================================================================

    Total RO  Size (Code + RO Data)                87372 (  85.32kB)
    Total RW  Size (RW Data + ZI Data)             32688 (  31.92kB)
    Total ROM Size (Code + RO Data + RW Data)      88004 (  85.94kB)

==============================================================================

